Archive member included to satisfy reference by file (symbol)

app/libapp.a(main.c.obj)      (--whole-archive)
zephyr/libzephyr.a(crc32c_sw.c.obj)
                              (--whole-archive)
zephyr/libzephyr.a(crc32_sw.c.obj)
                              (--whole-archive)
zephyr/libzephyr.a(crc24_sw.c.obj)
                              (--whole-archive)
zephyr/libzephyr.a(crc16_sw.c.obj)
                              (--whole-archive)
zephyr/libzephyr.a(crc8_sw.c.obj)
                              (--whole-archive)
zephyr/libzephyr.a(crc7_sw.c.obj)
                              (--whole-archive)
zephyr/libzephyr.a(crc4_sw.c.obj)
                              (--whole-archive)
zephyr/libzephyr.a(heap.c.obj)
                              (--whole-archive)
zephyr/libzephyr.a(cbprintf_packaged.c.obj)
                              (--whole-archive)
zephyr/libzephyr.a(printk.c.obj)
                              (--whole-archive)
zephyr/libzephyr.a(sem.c.obj)
                              (--whole-archive)
zephyr/libzephyr.a(thread_entry.c.obj)
                              (--whole-archive)
zephyr/libzephyr.a(cbprintf_complete.c.obj)
                              (--whole-archive)
zephyr/libzephyr.a(assert.c.obj)
                              (--whole-archive)
zephyr/libzephyr.a(reboot.c.obj)
                              (--whole-archive)
zephyr/libzephyr.a(dec.c.obj)
                              (--whole-archive)
zephyr/libzephyr.a(hex.c.obj)
                              (--whole-archive)
zephyr/libzephyr.a(rb.c.obj)  (--whole-archive)
zephyr/libzephyr.a(timeutil.c.obj)
                              (--whole-archive)
zephyr/libzephyr.a(bitarray.c.obj)
                              (--whole-archive)
zephyr/libzephyr.a(ring_buffer.c.obj)
                              (--whole-archive)
zephyr/libzephyr.a(configs.c.obj)
                              (--whole-archive)
zephyr/libzephyr.a(stm32cube_hal.c.obj)
                              (--whole-archive)
zephyr/libzephyr.a(soc_config.c.obj)
                              (--whole-archive)
zephyr/libzephyr.a(soc.c.obj)
                              (--whole-archive)
zephyr/libzephyr.a(thread_info.c.obj)
                              (--whole-archive)
zephyr/libzephyr.a(nvs.c.obj)
                              (--whole-archive)
zephyr/libzephyr.a(log_core.c.obj)
                              (--whole-archive)
zephyr/libzephyr.a(log_mgmt.c.obj)
                              (--whole-archive)
zephyr/libzephyr.a(log_cache.c.obj)
                              (--whole-archive)
zephyr/libzephyr.a(log_msg.c.obj)
                              (--whole-archive)
zephyr/libzephyr.a(log_output.c.obj)
                              (--whole-archive)
zephyr/libzephyr.a(log_backend_uart.c.obj)
                              (--whole-archive)
zephyr/libzephyr.a(flash_map.c.obj)
                              (--whole-archive)
zephyr/libzephyr.a(flash_map_default.c.obj)
                              (--whole-archive)
zephyr/libzephyr.a(flash_map_layout.c.obj)
                              (--whole-archive)
zephyr/libzephyr.a(tracing_none.c.obj)
                              (--whole-archive)
zephyr/libzephyr.a(flash_util.c.obj)
                              (--whole-archive)
zephyr/arch/common/libarch__common.a(sw_isr_common.c.obj)
                              (--whole-archive)
zephyr/arch/arch/arm/core/libarch__arm__core.a(fatal.c.obj)
                              (--whole-archive)
zephyr/arch/arch/arm/core/libarch__arm__core.a(nmi.c.obj)
                              (--whole-archive)
zephyr/arch/arch/arm/core/libarch__arm__core.a(nmi_on_reset.S.obj)
                              (--whole-archive)
zephyr/arch/arch/arm/core/libarch__arm__core.a(tls.c.obj)
                              (--whole-archive)
zephyr/arch/arch/arm/core/cortex_m/libarch__arm__core__cortex_m.a(exc_exit.c.obj)
                              (--whole-archive)
zephyr/arch/arch/arm/core/cortex_m/libarch__arm__core__cortex_m.a(fault.c.obj)
                              (--whole-archive)
zephyr/arch/arch/arm/core/cortex_m/libarch__arm__core__cortex_m.a(fault_s.S.obj)
                              (--whole-archive)
zephyr/arch/arch/arm/core/cortex_m/libarch__arm__core__cortex_m.a(fpu.c.obj)
                              (--whole-archive)
zephyr/arch/arch/arm/core/cortex_m/libarch__arm__core__cortex_m.a(reset.S.obj)
                              (--whole-archive)
zephyr/arch/arch/arm/core/cortex_m/libarch__arm__core__cortex_m.a(scb.c.obj)
                              (--whole-archive)
zephyr/arch/arch/arm/core/cortex_m/libarch__arm__core__cortex_m.a(thread_abort.c.obj)
                              (--whole-archive)
zephyr/arch/arch/arm/core/cortex_m/libarch__arm__core__cortex_m.a(vector_table.S.obj)
                              (--whole-archive)
zephyr/arch/arch/arm/core/cortex_m/libarch__arm__core__cortex_m.a(swap_helper.S.obj)
                              (--whole-archive)
[...]
Memory Configuration

Name             Origin             Length             Attributes
FLASH            0x0000000008000000 0x0000000000100000 xr
RAM              0x0000000020000000 0x0000000000020000 xw
CCM              0x0000000010000000 0x0000000000010000 rw
IDT_LIST         0x00000000ffff7fff 0x0000000000008000 xw
*default*        0x0000000000000000 0xffffffffffffffff

Linker script and memory map

                0x0000000008013754                vfprintf = __d_vfprintf
                0x0000000000000000                vfscanf = __d_vfscanf
LOAD zephyr/CMakeFiles/zephyr_final.dir/misc/empty_file.c.obj
LOAD zephyr/CMakeFiles/zephyr_final.dir/isr_tables.c.obj
LOAD zephyr/CMakeFiles/offsets.dir/./arch/arm/core/offsets/offsets.c.obj
LOAD app/libapp.a
LOAD zephyr/libzephyr.a
LOAD zephyr/arch/common/libarch__common.a
LOAD zephyr/arch/arch/arm/core/libarch__arm__core.a
LOAD zephyr/arch/arch/arm/core/cortex_m/libarch__arm__core__cortex_m.a
LOAD zephyr/lib/libc/picolibc/liblib__libc__picolibc.a
LOAD zephyr/lib/libc/common/liblib__libc__common.a
LOAD zephyr/drivers/interrupt_controller/libdrivers__interrupt_controller.a
LOAD zephyr/drivers/can/libdrivers__can.a
LOAD zephyr/drivers/clock_control/libdrivers__clock_control.a
LOAD zephyr/drivers/console/libdrivers__console.a
LOAD zephyr/drivers/dma/libdrivers__dma.a
LOAD zephyr/drivers/flash/libdrivers__flash.a
LOAD zephyr/drivers/gpio/libdrivers__gpio.a
LOAD zephyr/drivers/pinctrl/libdrivers__pinctrl.a
LOAD zephyr/drivers/pwm/libdrivers__pwm.a
LOAD zephyr/drivers/reset/libdrivers__reset.a
LOAD zephyr/drivers/sensor/bosch/bmi08x/libdrivers__sensor__bosch__bmi08x.a
LOAD zephyr/drivers/serial/libdrivers__serial.a
LOAD zephyr/drivers/spi/libdrivers__spi.a
LOAD zephyr/drivers/timer/libdrivers__timer.a
LOAD modules/motor demo/drivers/motor/mi/lib..__motor__drivers__motor__mi.a
LOAD modules/motor demo/drivers/pid/lib..__motor__drivers__pid.a
LOAD modules/motor demo/drivers/transfer/lib..__motor__drivers__transfer.a
LOAD modules/motor demo/include/ares/board/lib..__motor__include__ares__board.a
LOAD modules/hal_stm32/stm32cube/lib..__modules__hal__stm32__stm32cube.a
LOAD zephyr/kernel/libkernel.a
LOAD zephyr/arch/common/libisr_tables.a
LOAD /home/librgod/zephyr-sdk-0.17.0/arm-zephyr-eabi/bin/../lib/gcc/../../picolibc/arm-zephyr-eabi/lib/thumb/v7e-m+fp/hard/libc.a
LOAD /home/librgod/zephyr-sdk-0.17.0/arm-zephyr-eabi/bin/../lib/gcc/arm-zephyr-eabi/12.2.0/thumb/v7e-m+fp/hard/libgcc.a
                0x0000000000000004                _region_min_align = 0x4

.rel.plt        0x0000000008000000        0x0
 *(SORT_BY_ALIGNMENT(.rel.plt))
                [!provide]                        PROVIDE (__rel_iplt_start = .)
 *(SORT_BY_ALIGNMENT(.rel.iplt))
 .rel.iplt      0x0000000008000000        0x0 zephyr/CMakeFiles/zephyr_final.dir/isr_tables.c.obj
                [!provide]                        PROVIDE (__rel_iplt_end = .)

.rela.plt       0x0000000000000000        0x0
 *(SORT_BY_ALIGNMENT(.rela.plt))
                [!provide]                        PROVIDE (__rela_iplt_start = .)
 *(SORT_BY_ALIGNMENT(.rela.iplt))
                [!provide]                        PROVIDE (__rela_iplt_end = .)

.rel.dyn
 *(SORT_BY_ALIGNMENT(.rel.*))

.rela.dyn
 *(SORT_BY_ALIGNMENT(.rela.*))

/DISCARD/
 *(SORT_BY_ALIGNMENT(.plt))

/DISCARD/
 *(SORT_BY_ALIGNMENT(.iplt))
                0x0000000008000000                __rom_region_start = 0x8000000

rom_start       0x0000000008000000      0x188
                0x0000000008000000                __rom_start_address = .
 FILL mask 0x00
                0x0000000008000000                . = (. + (0x0 - (. - __rom_start_address)))
                0x0000000008000000                . = ALIGN (0x4)
                0x0000000008000000                . = ALIGN (0x80)
                0x0000000008000000                . = ALIGN (0x200)
                0x0000000008000000                _vector_start = .
 *(SORT_BY_ALIGNMENT(.exc_vector_table))
 *(SORT_BY_ALIGNMENT(.exc_vector_table.*))
 .exc_vector_table._vector_table_section
                0x0000000008000000       0x40 zephyr/arch/arch/arm/core/cortex_m/libarch__arm__core__cortex_m.a(vector_table.S.obj)
                0x0000000008000000                _vector_table
 *(SORT_BY_ALIGNMENT(.vectors))
                0x0000000008000188                _vector_end = .
                0x0000000008000040                . = ALIGN (0x4)
 *(SORT_BY_ALIGNMENT(.gnu.linkonce.irq_vector_table*))
 .gnu.linkonce.irq_vector_table
                0x0000000008000040      0x148 zephyr/CMakeFiles/zephyr_final.dir/isr_tables.c.obj
                0x0000000008000040                _irq_vector_table
                0x0000000008000188                _vector_end = .

text            0x0000000008000188    0x20720
                0x0000000008000188                __text_region_start = .
 *(SORT_BY_ALIGNMENT(.text))
 .text          0x0000000008000188       0xa0 /home/librgod/zephyr-sdk-0.17.0/arm-zephyr-eabi/bin/../lib/gcc/arm-zephyr-eabi/12.2.0/thumb/v7e-m+fp/hard/libgcc.a(_aeabi_ldivmod.o)
                0x0000000008000188                __aeabi_ldivmod
 .text          0x0000000008000228       0x30 /home/librgod/zephyr-sdk-0.17.0/arm-zephyr-eabi/bin/../lib/gcc/arm-zephyr-eabi/12.2.0/thumb/v7e-m+fp/hard/libgcc.a(_aeabi_uldivmod.o)
                0x0000000008000228                __aeabi_uldivmod
 .text          0x0000000008000258        0x4 /home/librgod/zephyr-sdk-0.17.0/arm-zephyr-eabi/bin/../lib/gcc/arm-zephyr-eabi/12.2.0/thumb/v7e-m+fp/hard/libgcc.a(_dvmd_tls.o)
                0x0000000008000258                __aeabi_ldiv0
                0x0000000008000258                __aeabi_idiv0
 .text          0x000000000800025c       0x14 /home/librgod/zephyr-sdk-0.17.0/arm-zephyr-eabi/bin/../lib/gcc/../../picolibc/arm-zephyr-eabi/lib/thumb/v7e-m+fp/hard/libc.a(strcmp.S.o)
                0x000000000800025c                strcmp
 .text          0x0000000008000270       0x10 /home/librgod/zephyr-sdk-0.17.0/arm-zephyr-eabi/bin/../lib/gcc/../../picolibc/arm-zephyr-eabi/lib/thumb/v7e-m+fp/hard/libc.a(strlen.S.o)
                0x0000000008000270                strlen
 .text          0x0000000008000280      0x2a0 /home/librgod/zephyr-sdk-0.17.0/arm-zephyr-eabi/bin/../lib/gcc/arm-zephyr-eabi/12.2.0/thumb/v7e-m+fp/hard/libgcc.a(_udivmoddi4.o)
                0x0000000008000280                __udivmoddi4
 *(SORT_BY_ALIGNMENT(.text.*))
 .text.sensor_ms2_to_g
                0x0000000008000520      0x120 zephyr/drivers/sensor/bosch/bmi08x/libdrivers__sensor__bosch__bmi08x.a(bmi08x_accel.c.obj)
 .text.sensor_rad_to_degrees
                0x0000000008000640      0x1e0 zephyr/drivers/sensor/bosch/bmi08x/libdrivers__sensor__bosch__bmi08x.a(bmi08x_gyro.c.obj)
 .text.main     0x0000000008000820      0x168 app/libapp.a(main.c.obj)
                0x0000000008000820                main
 .text.linker_is_in_rodata
                0x0000000008000988       0x38 zephyr/libzephyr.a(cbprintf_packaged.c.obj)
 .text.cbvprintf_package
                0x00000000080009c0      0x7b8 zephyr/libzephyr.a(cbprintf_packaged.c.obj)
                0x00000000080009c0                cbvprintf_package
 .text.__printk_hook_install
                0x0000000008001178       0x20 zephyr/libzephyr.a(printk.c.obj)
                0x0000000008001178                __printk_hook_install
 .text.k_current_get
                0x0000000008001198       0x18 zephyr/libzephyr.a(thread_entry.c.obj)
 .text.z_thread_entry
                0x00000000080011b0       0x38 zephyr/libzephyr.a(thread_entry.c.obj)
                0x00000000080011b0                z_thread_entry
 .text.LL_DBGMCU_DisableDBGStopMode
                0x00000000080011e8       0x20 zephyr/libzephyr.a(soc_config.c.obj)
 .text.LL_FLASH_EnablePrefetch
                0x0000000008001208       0x20 zephyr/libzephyr.a(soc.c.obj)
 .text.LL_FLASH_EnableInstCache
                0x0000000008001228       0x20 zephyr/libzephyr.a(soc.c.obj)
 .text.LL_FLASH_EnableDataCache
                0x0000000008001248       0x20 zephyr/libzephyr.a(soc.c.obj)
 .text.soc_early_init_hook
                0x0000000008001268       0x24 zephyr/libzephyr.a(soc.c.obj)
                0x0000000008001268                soc_early_init_hook
 .text.log_backend_get
                0x000000000800128c       0x24 zephyr/libzephyr.a(log_core.c.obj)
 .text.log_format_func_t_get
                0x00000000080012b0       0x20 zephyr/libzephyr.a(log_core.c.obj)
                0x00000000080012b0                log_format_func_t_get
 .text.log_core_init
                0x00000000080012d0       0x34 zephyr/libzephyr.a(log_core.c.obj)
                0x00000000080012d0                log_core_init
 .text.z_log_init
                0x0000000008001304       0xe4 zephyr/libzephyr.a(log_core.c.obj)
 .text.log_set_timestamp_func
                0x00000000080013e8       0x3c zephyr/libzephyr.a(log_core.c.obj)
                0x00000000080013e8                log_set_timestamp_func
 .text.z_impl_log_panic
                0x0000000008001424       0x64 zephyr/libzephyr.a(log_core.c.obj)
                0x0000000008001424                z_impl_log_panic
 .text.msg_process
                0x0000000008001488       0x5c zephyr/libzephyr.a(log_core.c.obj)
 .text.z_log_notify_backend_enabled
                0x00000000080014e4       0x18 zephyr/libzephyr.a(log_core.c.obj)
                0x00000000080014e4                z_log_notify_backend_enabled
 .text.z_log_dropped
                0x00000000080014fc       0x2c zephyr/libzephyr.a(log_core.c.obj)
                0x00000000080014fc                z_log_dropped
 .text.z_log_msg_commit
                0x0000000008001528       0x2c zephyr/libzephyr.a(log_core.c.obj)
                0x0000000008001528                z_log_msg_commit
 .text.log_const_source_id
                0x0000000008001554       0x20 zephyr/libzephyr.a(log_mgmt.c.obj)
 .text.z_log_sources_count
                0x0000000008001574       0x14 zephyr/libzephyr.a(log_mgmt.c.obj)
 .text.get_link_domain
                0x0000000008001588       0x78 zephyr/libzephyr.a(log_mgmt.c.obj)
 .text.link_source_name_get
                0x0000000008001600       0x84 zephyr/libzephyr.a(log_mgmt.c.obj)
 .text.log_source_name_get
                0x0000000008001684       0x50 zephyr/libzephyr.a(log_mgmt.c.obj)
                0x0000000008001684                log_source_name_get
 .text.log_const_source_id
                0x00000000080016d4       0x20 zephyr/libzephyr.a(log_msg.c.obj)
 .text.z_log_msg_runtime_vcreate
                0x00000000080016f4      0x138 zephyr/libzephyr.a(log_msg.c.obj)
                0x00000000080016f4                z_log_msg_runtime_vcreate
 .text.cbpprintf
                0x000000000800182c       0x28 zephyr/libzephyr.a(log_output.c.obj)
 .text.__ctype_lookup
                0x0000000008001854       0x24 zephyr/libzephyr.a(log_output.c.obj)
 .text.print_formatted
                0x0000000008001878       0x38 zephyr/libzephyr.a(log_output.c.obj)
 .text.timestamp_print
                0x00000000080018b0      0x128 zephyr/libzephyr.a(log_output.c.obj)
 .text.color_print
                0x00000000080019d8       0x58 zephyr/libzephyr.a(log_output.c.obj)
 .text.ids_print
                0x0000000008001a30       0xa0 zephyr/libzephyr.a(log_output.c.obj)
 .text.newline_print
                0x0000000008001ad0       0x44 zephyr/libzephyr.a(log_output.c.obj)
 .text.hexdump_line_print
                0x0000000008001b14      0x110 zephyr/libzephyr.a(log_output.c.obj)
 .text.prefix_print
                0x0000000008001c24       0xe4 zephyr/libzephyr.a(log_output.c.obj)
 .text.log_output_process
                0x0000000008001d08       0xbc zephyr/libzephyr.a(log_output.c.obj)
                0x0000000008001d08                log_output_process
 .text.log_output_timestamp_freq_set
                0x0000000008001dc4       0x48 zephyr/libzephyr.a(log_output.c.obj)
                0x0000000008001dc4                log_output_timestamp_freq_set
 .text.char_out
                0x0000000008001e0c       0x70 zephyr/libzephyr.a(log_backend_uart.c.obj)
 .text.log_backend_uart_init
                0x0000000008001e7c       0x30 zephyr/libzephyr.a(log_backend_uart.c.obj)
 .text.panic    0x0000000008001eac       0x38 zephyr/libzephyr.a(log_backend_uart.c.obj)
 .text.esf_dump
                0x0000000008001ee4      0x214 zephyr/arch/arch/arm/core/libarch__arm__core.a(fatal.c.obj)
 .text.z_arm_fatal_error
                0x00000000080020f8       0x78 zephyr/arch/arch/arm/core/libarch__arm__core.a(fatal.c.obj)
                0x00000000080020f8                z_arm_fatal_error
 .text.z_arm_nmi
                0x0000000008002170       0x18 zephyr/arch/arch/arm/core/libarch__arm__core.a(nmi.c.obj)
                0x0000000008002170                z_arm_nmi
 .text.z_SysNmiOnReset
                0x0000000008002188        0x8 zephyr/arch/arch/arm/core/libarch__arm__core.a(nmi_on_reset.S.obj)
                0x0000000008002188                z_SysNmiOnReset
 .text.z_tls_data_size
                0x0000000008002190       0x1c zephyr/arch/arch/arm/core/libarch__arm__core.a(tls.c.obj)
 .text.z_tls_copy
                0x00000000080021ac       0x3c zephyr/arch/arch/arm/core/libarch__arm__core.a(tls.c.obj)
 .text._HandlerModeExit
                0x00000000080021e8       0x30 zephyr/arch/arch/arm/core/cortex_m/libarch__arm__core__cortex_m.a(exc_exit.c.obj)
                0x00000000080021e8                z_arm_exc_exit
                0x00000000080021e8                z_arm_int_exit
 .text.mem_manage_fault
                0x0000000008002218      0x288 zephyr/arch/arch/arm/core/cortex_m/libarch__arm__core__cortex_m.a(fault.c.obj)
 .text.bus_fault
                0x00000000080024a0      0x2a0 zephyr/arch/arch/arm/core/cortex_m/libarch__arm__core__cortex_m.a(fault.c.obj)
 .text.usage_fault
                0x0000000008002740      0x22c zephyr/arch/arch/arm/core/cortex_m/libarch__arm__core__cortex_m.a(fault.c.obj)
 .text.debug_monitor
                0x000000000800296c       0x58 zephyr/arch/arch/arm/core/cortex_m/libarch__arm__core__cortex_m.a(fault.c.obj)
 .text.z_arm_is_synchronous_svc
                0x00000000080029c4       0x80 zephyr/arch/arch/arm/core/cortex_m/libarch__arm__core__cortex_m.a(fault.c.obj)
 .text.hard_fault
                0x0000000008002a44      0x1d4 zephyr/arch/arch/arm/core/cortex_m/libarch__arm__core__cortex_m.a(fault.c.obj)
 .text.reserved_exception
                0x0000000008002c18       0x6c zephyr/arch/arch/arm/core/cortex_m/libarch__arm__core__cortex_m.a(fault.c.obj)
 .text.fault_handle
                0x0000000008002c84       0xb4 zephyr/arch/arch/arm/core/cortex_m/libarch__arm__core__cortex_m.a(fault.c.obj)
 .text.get_esf  0x0000000008002d38       0xb0 zephyr/arch/arch/arm/core/cortex_m/libarch__arm__core__cortex_m.a(fault.c.obj)
 .text.z_arm_fault
                0x0000000008002de8       0xd4 zephyr/arch/arch/arm/core/cortex_m/libarch__arm__core__cortex_m.a(fault.c.obj)
                0x0000000008002de8                z_arm_fault
 .text.z_arm_fault_init
                0x0000000008002ebc       0x2c zephyr/arch/arch/arm/core/cortex_m/libarch__arm__core__cortex_m.a(fault.c.obj)
                0x0000000008002ebc                z_arm_fault_init
 .text.__fault  0x0000000008002ee8       0x14 zephyr/arch/arch/arm/core/cortex_m/libarch__arm__core__cortex_m.a(fault_s.S.obj)
                0x0000000008002ee8                z_arm_bus_fault
                0x0000000008002ee8                z_arm_usage_fault
                0x0000000008002ee8                z_arm_mpu_fault
                0x0000000008002ee8                z_arm_exc_spurious
                0x0000000008002ee8                z_arm_debug_monitor
                0x0000000008002ee8                z_arm_hard_fault
 .text._reset_section
                0x0000000008002efc       0x34 zephyr/arch/arch/arm/core/cortex_m/libarch__arm__core__cortex_m.a(reset.S.obj)
                0x0000000008002efc                z_arm_reset
                0x0000000008002efc                __start
 .text.z_impl_k_thread_abort
                0x0000000008002f30       0x58 zephyr/arch/arch/arm/core/cortex_m/libarch__arm__core__cortex_m.a(thread_abort.c.obj)
                0x0000000008002f30                z_impl_k_thread_abort
 .text.z_arm_pendsv
                0x0000000008002f88       0x94 zephyr/arch/arch/arm/core/cortex_m/libarch__arm__core__cortex_m.a(swap_helper.S.obj)
                0x0000000008002f88                z_arm_pendsv
 .text.z_arm_svc
                0x000000000800301c       0x24 zephyr/arch/arch/arm/core/cortex_m/libarch__arm__core__cortex_m.a(swap_helper.S.obj)
                0x000000000800301c                z_arm_svc
 .text.__NVIC_EnableIRQ
                0x0000000008003040       0x3c zephyr/arch/arch/arm/core/cortex_m/libarch__arm__core__cortex_m.a(irq_manage.c.obj)
 .text.__NVIC_SetPriority
                0x000000000800307c       0x54 zephyr/arch/arch/arm/core/cortex_m/libarch__arm__core__cortex_m.a(irq_manage.c.obj)
 .text.relocate_vector_table
                0x00000000080030d0       0x34 zephyr/arch/arch/arm/core/cortex_m/libarch__arm__core__cortex_m.a(prep_c.c.obj)
 .text.z_arm_floating_point_init
                0x0000000008003104       0x64 zephyr/arch/arch/arm/core/cortex_m/libarch__arm__core__cortex_m.a(prep_c.c.obj)
 .text.arch_new_thread
                0x0000000008003168       0x74 zephyr/arch/arch/arm/core/cortex_m/libarch__arm__core__cortex_m.a(thread.c.obj)
                0x0000000008003168                arch_new_thread
 .text.arch_float_disable
                0x00000000080031dc       0xa8 zephyr/arch/arch/arm/core/cortex_m/libarch__arm__core__cortex_m.a(thread.c.obj)
                0x00000000080031dc                arch_float_disable
 .text.arch_switch_to_main_thread
                0x0000000008003284       0x4c zephyr/arch/arch/arm/core/cortex_m/libarch__arm__core__cortex_m.a(thread.c.obj)
                0x0000000008003284                arch_switch_to_main_thread
 .text.z_arm_cpu_idle_init
                0x00000000080032d0       0x18 zephyr/arch/arch/arm/core/cortex_m/libarch__arm__core__cortex_m.a(cpu_idle.c.obj)
                0x00000000080032d0                z_arm_cpu_idle_init
 .text.__NVIC_SetPriority
                0x00000000080032e8       0x54 zephyr/arch/arch/arm/core/cortex_m/libarch__arm__core__cortex_m.a(irq_init.c.obj)
 .text._isr_wrapper
                0x000000000800333c       0x3c zephyr/arch/arch/arm/core/cortex_m/libarch__arm__core__cortex_m.a(isr_wrapper.c.obj)
                0x000000000800333c                _isr_wrapper
 .text.cbvprintf
                0x0000000008003378       0x4c zephyr/lib/libc/picolibc/liblib__libc__picolibc.a(cbprintf.c.obj)
                0x0000000008003378                cbvprintf
 .text.z_impl_zephyr_fputc
                0x00000000080033c4       0x20 zephyr/lib/libc/picolibc/liblib__libc__picolibc.a(stdio.c.obj)
                0x00000000080033c4                z_impl_zephyr_fputc
 .text.__stdout_hook_install
                0x00000000080033e4       0x30 zephyr/lib/libc/picolibc/liblib__libc__picolibc.a(stdio.c.obj)
                0x00000000080033e4                __stdout_hook_install
 .text.malloc_prepare
                0x0000000008003414       0x44 zephyr/lib/libc/common/liblib__libc__common.a(malloc.c.obj)
 .text.LL_EXTI_EnableIT_0_31
                0x0000000008003458       0x24 zephyr/drivers/interrupt_controller/libdrivers__interrupt_controller.a(intc_exti_stm32.c.obj)
 .text.LL_EXTI_DisableIT_0_31
                0x000000000800347c       0x28 zephyr/drivers/interrupt_controller/libdrivers__interrupt_controller.a(intc_exti_stm32.c.obj)
 .text.LL_EXTI_EnableRisingTrig_0_31
                0x00000000080034a4       0x24 zephyr/drivers/interrupt_controller/libdrivers__interrupt_controller.a(intc_exti_stm32.c.obj)
 .text.LL_EXTI_DisableRisingTrig_0_31
                0x00000000080034c8       0x28 zephyr/drivers/interrupt_controller/libdrivers__interrupt_controller.a(intc_exti_stm32.c.obj)
 .text.LL_EXTI_EnableFallingTrig_0_31
                0x00000000080034f0       0x24 zephyr/drivers/interrupt_controller/libdrivers__interrupt_controller.a(intc_exti_stm32.c.obj)
 .text.LL_EXTI_DisableFallingTrig_0_31
                0x0000000008003514       0x28 zephyr/drivers/interrupt_controller/libdrivers__interrupt_controller.a(intc_exti_stm32.c.obj)
 .text.LL_EXTI_IsActiveFlag_0_31
                0x000000000800353c       0x2c zephyr/drivers/interrupt_controller/libdrivers__interrupt_controller.a(intc_exti_stm32.c.obj)
 .text.LL_EXTI_ClearFlag_0_31
                0x0000000008003568       0x20 zephyr/drivers/interrupt_controller/libdrivers__interrupt_controller.a(intc_exti_stm32.c.obj)
 .text.LL_SYSCFG_SetEXTISource
                0x0000000008003588       0x6c zephyr/drivers/interrupt_controller/libdrivers__interrupt_controller.a(intc_exti_stm32.c.obj)
 .text.LL_SYSCFG_GetEXTISource
                0x00000000080035f4       0x50 zephyr/drivers/interrupt_controller/libdrivers__interrupt_controller.a(intc_exti_stm32.c.obj)
 .text.stm32_exti_isr
                0x0000000008003644       0x8c zephyr/drivers/interrupt_controller/libdrivers__interrupt_controller.a(intc_exti_stm32.c.obj)
 .text.stm32_exti_enable_registers
                0x00000000080036d0       0x40 zephyr/drivers/interrupt_controller/libdrivers__interrupt_controller.a(intc_exti_stm32.c.obj)
 .text.stm32_fill_irq_table
                0x0000000008003710       0x48 zephyr/drivers/interrupt_controller/libdrivers__interrupt_controller.a(intc_exti_stm32.c.obj)
 .text.stm32_exti_init
                0x0000000008003758      0x104 zephyr/drivers/interrupt_controller/libdrivers__interrupt_controller.a(intc_exti_stm32.c.obj)
 .text.stm32_gpio_intc_enable_line
                0x000000000800385c       0x38 zephyr/drivers/interrupt_controller/libdrivers__interrupt_controller.a(intc_exti_stm32.c.obj)
                0x000000000800385c                stm32_gpio_intc_enable_line
 .text.stm32_gpio_intc_select_line_trigger
                0x0000000008003894       0x78 zephyr/drivers/interrupt_controller/libdrivers__interrupt_controller.a(intc_exti_stm32.c.obj)
                0x0000000008003894                stm32_gpio_intc_select_line_trigger
 .text.stm32_gpio_intc_set_irq_callback
                0x000000000800390c       0x78 zephyr/drivers/interrupt_controller/libdrivers__interrupt_controller.a(intc_exti_stm32.c.obj)
                0x000000000800390c                stm32_gpio_intc_set_irq_callback
 .text.stm32_gpio_intc_remove_irq_callback
                0x0000000008003984       0x40 zephyr/drivers/interrupt_controller/libdrivers__interrupt_controller.a(intc_exti_stm32.c.obj)
                0x0000000008003984                stm32_gpio_intc_remove_irq_callback
 .text.z_impl_can_send
                0x00000000080039c4      0x150 zephyr/drivers/can/libdrivers__can.a(can_common.c.obj)
                0x00000000080039c4                z_impl_can_send
 .text.can_add_rx_filter
                0x0000000008003b14      0x11c zephyr/drivers/can/libdrivers__can.a(can_common.c.obj)
                0x0000000008003b14                can_add_rx_filter
 .text.update_sample_pnt
                0x0000000008003c30      0x184 zephyr/drivers/can/libdrivers__can.a(can_common.c.obj)
 .text.sample_point_for_bitrate
                0x0000000008003db4       0x44 zephyr/drivers/can/libdrivers__can.a(can_common.c.obj)
 .text.can_calc_timing_internal
                0x0000000008003df8      0x1d0 zephyr/drivers/can/libdrivers__can.a(can_common.c.obj)
 .text.z_impl_can_calc_timing
                0x0000000008003fc8       0x50 zephyr/drivers/can/libdrivers__can.a(can_common.c.obj)
                0x0000000008003fc8                z_impl_can_calc_timing
 .text.can_stm32_rx_isr_handler
                0x0000000008004018      0x150 zephyr/drivers/can/libdrivers__can.a(can_stm32_bxcan.c.obj)
 .text.can_stm32_enter_init_mode
                0x0000000008004168       0x58 zephyr/drivers/can/libdrivers__can.a(can_stm32_bxcan.c.obj)
 .text.can_stm32_leave_init_mode
                0x00000000080041c0       0x4c zephyr/drivers/can/libdrivers__can.a(can_stm32_bxcan.c.obj)
 .text.can_stm32_leave_sleep_mode
                0x000000000800420c       0x4c zephyr/drivers/can/libdrivers__can.a(can_stm32_bxcan.c.obj)
 .text.can_stm32_start
                0x0000000008004258      0x124 zephyr/drivers/can/libdrivers__can.a(can_stm32_bxcan.c.obj)
 .text.can_stm32_stop
                0x000000000800437c      0x150 zephyr/drivers/can/libdrivers__can.a(can_stm32_bxcan.c.obj)
 .text.can_stm32_set_mode
                0x00000000080044cc      0x160 zephyr/drivers/can/libdrivers__can.a(can_stm32_bxcan.c.obj)
 .text.can_stm32_set_timing
                0x000000000800462c       0xa4 zephyr/drivers/can/libdrivers__can.a(can_stm32_bxcan.c.obj)
 .text.can_stm32_get_core_clock
                0x00000000080046d0       0x80 zephyr/drivers/can/libdrivers__can.a(can_stm32_bxcan.c.obj)
 .text.can_stm32_init
                0x0000000008004750      0x410 zephyr/drivers/can/libdrivers__can.a(can_stm32_bxcan.c.obj)
 .text.can_stm32_send
                0x0000000008004b60      0x3f4 zephyr/drivers/can/libdrivers__can.a(can_stm32_bxcan.c.obj)
 .text.can_stm32_set_filter
                0x0000000008004f54      0x1d4 zephyr/drivers/can/libdrivers__can.a(can_stm32_bxcan.c.obj)
 .text.can_stm32_add_rx_filter
                0x0000000008005128       0xfc zephyr/drivers/can/libdrivers__can.a(can_stm32_bxcan.c.obj)
 .text.can_stm32_remove_rx_filter
                0x0000000008005224      0x268 zephyr/drivers/can/libdrivers__can.a(can_stm32_bxcan.c.obj)
 .text.LL_RCC_HSE_DisableBypass
                0x000000000800548c       0x20 zephyr/drivers/clock_control/libdrivers__clock_control.a(clock_stm32_ll_common.c.obj)
 .text.LL_RCC_HSE_Enable
                0x00000000080054ac       0x20 zephyr/drivers/clock_control/libdrivers__clock_control.a(clock_stm32_ll_common.c.obj)
 .text.LL_RCC_HSE_IsReady
                0x00000000080054cc       0x28 zephyr/drivers/clock_control/libdrivers__clock_control.a(clock_stm32_ll_common.c.obj)
 .text.LL_RCC_HSI_Enable
                0x00000000080054f4       0x20 zephyr/drivers/clock_control/libdrivers__clock_control.a(clock_stm32_ll_common.c.obj)
 .text.LL_RCC_HSI_IsReady
                0x0000000008005514       0x24 zephyr/drivers/clock_control/libdrivers__clock_control.a(clock_stm32_ll_common.c.obj)
 .text.LL_RCC_LSI_Enable
                0x0000000008005538       0x20 zephyr/drivers/clock_control/libdrivers__clock_control.a(clock_stm32_ll_common.c.obj)
 .text.LL_RCC_LSI_IsReady
                0x0000000008005558       0x24 zephyr/drivers/clock_control/libdrivers__clock_control.a(clock_stm32_ll_common.c.obj)
 .text.LL_RCC_SetSysClkSource
                0x000000000800557c       0x28 zephyr/drivers/clock_control/libdrivers__clock_control.a(clock_stm32_ll_common.c.obj)
 .text.LL_RCC_GetSysClkSource
                0x00000000080055a4       0x1c zephyr/drivers/clock_control/libdrivers__clock_control.a(clock_stm32_ll_common.c.obj)
 .text.LL_RCC_SetAHBPrescaler
                0x00000000080055c0       0x28 zephyr/drivers/clock_control/libdrivers__clock_control.a(clock_stm32_ll_common.c.obj)
 .text.LL_RCC_SetAPB1Prescaler
                0x00000000080055e8       0x28 zephyr/drivers/clock_control/libdrivers__clock_control.a(clock_stm32_ll_common.c.obj)
 .text.LL_RCC_SetAPB2Prescaler
                0x0000000008005610       0x28 zephyr/drivers/clock_control/libdrivers__clock_control.a(clock_stm32_ll_common.c.obj)
 .text.LL_RCC_GetAHBPrescaler
                0x0000000008005638       0x1c zephyr/drivers/clock_control/libdrivers__clock_control.a(clock_stm32_ll_common.c.obj)
 .text.LL_RCC_PLL_Enable
                0x0000000008005654       0x20 zephyr/drivers/clock_control/libdrivers__clock_control.a(clock_stm32_ll_common.c.obj)
 .text.LL_RCC_PLL_Disable
                0x0000000008005674       0x20 zephyr/drivers/clock_control/libdrivers__clock_control.a(clock_stm32_ll_common.c.obj)
 .text.LL_RCC_PLL_IsReady
                0x0000000008005694       0x28 zephyr/drivers/clock_control/libdrivers__clock_control.a(clock_stm32_ll_common.c.obj)
 .text.enabled_clock
                0x00000000080056bc       0x84 zephyr/drivers/clock_control/libdrivers__clock_control.a(clock_stm32_ll_common.c.obj)
                0x00000000080056bc                enabled_clock
 .text.stm32_clock_control_get_subsys_rate
                0x0000000008005740      0x228 zephyr/drivers/clock_control/libdrivers__clock_control.a(clock_stm32_ll_common.c.obj)
 .text.set_up_plls
                0x0000000008005968       0x64 zephyr/drivers/clock_control/libdrivers__clock_control.a(clock_stm32_ll_common.c.obj)
 .text.stm32_clock_control_init
                0x00000000080059cc       0xa4 zephyr/drivers/clock_control/libdrivers__clock_control.a(clock_stm32_ll_common.c.obj)
                0x00000000080059cc                stm32_clock_control_init
 .text.LL_APB1_GRP1_EnableClock
                0x0000000008005a70       0x30 zephyr/drivers/clock_control/libdrivers__clock_control.a(clock_stm32f2_f4_f7.c.obj)
 .text.LL_RCC_PLL_ConfigDomain_SYS
                0x0000000008005aa0       0x4c zephyr/drivers/clock_control/libdrivers__clock_control.a(clock_stm32f2_f4_f7.c.obj)
 .text.LL_RCC_PLL_ConfigDomain_48M
                0x0000000008005aec       0x40 zephyr/drivers/clock_control/libdrivers__clock_control.a(clock_stm32f2_f4_f7.c.obj)
 .text.get_pllsrc_frequency
                0x0000000008005b2c       0x14 zephyr/drivers/clock_control/libdrivers__clock_control.a(clock_stm32f2_f4_f7.c.obj)
                0x0000000008005b2c                get_pllsrc_frequency
 .text.console_out
                0x0000000008005b40       0x58 zephyr/drivers/console/libdrivers__console.a(uart_console.c.obj)
 .text.uart_console_hook_install
                0x0000000008005b98       0x18 zephyr/drivers/console/libdrivers__console.a(uart_console.c.obj)
 .text.uart_console_init
                0x0000000008005bb0       0x2c zephyr/drivers/console/libdrivers__console.a(uart_console.c.obj)
 .text.LL_DMA_SetDataLength
                0x0000000008005bdc       0x48 zephyr/drivers/dma/libdrivers__dma.a(dma_stm32.c.obj)
 .text.LL_DMA_GetDataLength
                0x0000000008005c24       0x2c zephyr/drivers/dma/libdrivers__dma.a(dma_stm32.c.obj)
 .text.LL_DMA_DisableFifoMode
                0x0000000008005c50       0x40 zephyr/drivers/dma/libdrivers__dma.a(dma_stm32.c.obj)
 .text.LL_DMA_EnableFifoMode
                0x0000000008005c90       0x40 zephyr/drivers/dma/libdrivers__dma.a(dma_stm32.c.obj)
 .text.LL_DMA_SetMemoryAddress
                0x0000000008005cd0       0x30 zephyr/drivers/dma/libdrivers__dma.a(dma_stm32.c.obj)
 .text.LL_DMA_SetPeriphAddress
                0x0000000008005d00       0x30 zephyr/drivers/dma/libdrivers__dma.a(dma_stm32.c.obj)
 .text.LL_DMA_EnableIT_HT
                0x0000000008005d30       0x40 zephyr/drivers/dma/libdrivers__dma.a(dma_stm32.c.obj)
 .text.LL_DMA_EnableIT_TC
                0x0000000008005d70       0x40 zephyr/drivers/dma/libdrivers__dma.a(dma_stm32.c.obj)
 .text.LL_DMA_EnableIT_FE
                0x0000000008005db0       0x40 zephyr/drivers/dma/libdrivers__dma.a(dma_stm32.c.obj)
 .text.LL_DMA_DisableIT_TC
                0x0000000008005df0       0x40 zephyr/drivers/dma/libdrivers__dma.a(dma_stm32.c.obj)
 .text.LL_DMA_DisableIT_FE
                0x0000000008005e30       0x40 zephyr/drivers/dma/libdrivers__dma.a(dma_stm32.c.obj)
 .text.dma_stm32_irq_handler
                0x0000000008005e70      0x198 zephyr/drivers/dma/libdrivers__dma.a(dma_stm32.c.obj)
 .text.dma_stm32_get_priority
                0x0000000008006008       0xa0 zephyr/drivers/dma/libdrivers__dma.a(dma_stm32.c.obj)
 .text.dma_stm32_get_direction
                0x00000000080060a8       0x88 zephyr/drivers/dma/libdrivers__dma.a(dma_stm32.c.obj)
 .text.dma_stm32_get_memory_increment
                0x0000000008006130       0x88 zephyr/drivers/dma/libdrivers__dma.a(dma_stm32.c.obj)
 .text.dma_stm32_get_periph_increment
                0x00000000080061b8       0x88 zephyr/drivers/dma/libdrivers__dma.a(dma_stm32.c.obj)
 .text.dma_stm32_configure
                0x0000000008006240      0x8d4 zephyr/drivers/dma/libdrivers__dma.a(dma_stm32.c.obj)
 .text.dma_stm32_init
                0x0000000008006b14      0x10c zephyr/drivers/dma/libdrivers__dma.a(dma_stm32.c.obj)
 .text.LL_DMA_EnableStream
                0x0000000008006c20       0x40 zephyr/drivers/dma/libdrivers__dma.a(dma_stm32_v1.c.obj)
 .text.LL_DMA_DisableStream
                0x0000000008006c60       0x40 zephyr/drivers/dma/libdrivers__dma.a(dma_stm32_v1.c.obj)
 .text.LL_DMA_IsEnabledStream
                0x0000000008006ca0       0x38 zephyr/drivers/dma/libdrivers__dma.a(dma_stm32_v1.c.obj)
 .text.LL_DMA_DisableIT_FE
                0x0000000008006cd8       0x40 zephyr/drivers/dma/libdrivers__dma.a(dma_stm32_v1.c.obj)
 .text.LL_DMA_IsEnabledIT_HT
                0x0000000008006d18       0x38 zephyr/drivers/dma/libdrivers__dma.a(dma_stm32_v1.c.obj)
 .text.LL_DMA_IsEnabledIT_TC
                0x0000000008006d50       0x38 zephyr/drivers/dma/libdrivers__dma.a(dma_stm32_v1.c.obj)
 .text.LL_DMA_IsEnabledIT_FE
                0x0000000008006d88       0x38 zephyr/drivers/dma/libdrivers__dma.a(dma_stm32_v1.c.obj)
 .text.dma_stm32_id_to_stream
                0x0000000008006dc0       0x20 zephyr/drivers/dma/libdrivers__dma.a(dma_stm32_v1.c.obj)
                0x0000000008006dc0                dma_stm32_id_to_stream
 .text.dma_stm32_slot_to_channel
                0x0000000008006de0       0x20 zephyr/drivers/dma/libdrivers__dma.a(dma_stm32_v1.c.obj)
                0x0000000008006de0                dma_stm32_slot_to_channel
 .text.dma_stm32_clear_ht
                0x0000000008006e00       0x24 zephyr/drivers/dma/libdrivers__dma.a(dma_stm32_v1.c.obj)
                0x0000000008006e00                dma_stm32_clear_ht
 .text.dma_stm32_clear_tc
                0x0000000008006e24       0x24 zephyr/drivers/dma/libdrivers__dma.a(dma_stm32_v1.c.obj)
                0x0000000008006e24                dma_stm32_clear_tc
 .text.dma_stm32_is_ht_active
                0x0000000008006e48       0x30 zephyr/drivers/dma/libdrivers__dma.a(dma_stm32_v1.c.obj)
                0x0000000008006e48                dma_stm32_is_ht_active
 .text.dma_stm32_is_tc_active
                0x0000000008006e78       0x30 zephyr/drivers/dma/libdrivers__dma.a(dma_stm32_v1.c.obj)
                0x0000000008006e78                dma_stm32_is_tc_active
 .text.dma_stm32_clear_te
                0x0000000008006ea8       0x24 zephyr/drivers/dma/libdrivers__dma.a(dma_stm32_v1.c.obj)
                0x0000000008006ea8                dma_stm32_clear_te
 .text.dma_stm32_clear_dme
                0x0000000008006ecc       0x24 zephyr/drivers/dma/libdrivers__dma.a(dma_stm32_v1.c.obj)
                0x0000000008006ecc                dma_stm32_clear_dme
 .text.dma_stm32_clear_fe
                0x0000000008006ef0       0x24 zephyr/drivers/dma/libdrivers__dma.a(dma_stm32_v1.c.obj)
                0x0000000008006ef0                dma_stm32_clear_fe
 .text.dma_stm32_is_te_active
                0x0000000008006f14       0x30 zephyr/drivers/dma/libdrivers__dma.a(dma_stm32_v1.c.obj)
                0x0000000008006f14                dma_stm32_is_te_active
 .text.dma_stm32_is_dme_active
                0x0000000008006f44       0x30 zephyr/drivers/dma/libdrivers__dma.a(dma_stm32_v1.c.obj)
                0x0000000008006f44                dma_stm32_is_dme_active
 .text.dma_stm32_is_fe_active
                0x0000000008006f74       0x30 zephyr/drivers/dma/libdrivers__dma.a(dma_stm32_v1.c.obj)
                0x0000000008006f74                dma_stm32_is_fe_active
 .text.stm32_dma_dump_stream_irq
                0x0000000008006fa4       0x9c zephyr/drivers/dma/libdrivers__dma.a(dma_stm32_v1.c.obj)
                0x0000000008006fa4                stm32_dma_dump_stream_irq
 .text.stm32_dma_is_unexpected_irq_happened
                0x0000000008007040       0x88 zephyr/drivers/dma/libdrivers__dma.a(dma_stm32_v1.c.obj)
                0x0000000008007040                stm32_dma_is_unexpected_irq_happened
 .text.stm32_dma_get_mburst
                0x00000000080070c8       0xcc zephyr/drivers/dma/libdrivers__dma.a(dma_stm32_v1.c.obj)
                0x00000000080070c8                stm32_dma_get_mburst
 .text.stm32_dma_get_pburst
                0x0000000008007194       0xcc zephyr/drivers/dma/libdrivers__dma.a(dma_stm32_v1.c.obj)
                0x0000000008007194                stm32_dma_get_pburst
 .text.stm32_dma_get_fifo_threshold
                0x0000000008007260       0x80 zephyr/drivers/dma/libdrivers__dma.a(dma_stm32_v1.c.obj)
                0x0000000008007260                stm32_dma_get_fifo_threshold
 .text.flash_stm32_check_status
                0x00000000080072e0       0x90 zephyr/drivers/flash/libdrivers__flash.a(flash_stm32.c.obj)
 .text.flash_stm32_wait_flash_idle
                0x0000000008007370       0xa8 zephyr/drivers/flash/libdrivers__flash.a(flash_stm32.c.obj)
                0x0000000008007370                flash_stm32_wait_flash_idle
 .text.flash_stm32_read
                0x0000000008007418       0xdc zephyr/drivers/flash/libdrivers__flash.a(flash_stm32.c.obj)
 .text.flash_stm32_erase
                0x00000000080074f4      0x118 zephyr/drivers/flash/libdrivers__flash.a(flash_stm32.c.obj)
 .text.flash_stm32_write
                0x000000000800760c      0x110 zephyr/drivers/flash/libdrivers__flash.a(flash_stm32.c.obj)
 .text.flash_stm32_cr_lock
                0x000000000800771c       0xf8 zephyr/drivers/flash/libdrivers__flash.a(flash_stm32.c.obj)
 .text.flash_stm32_get_parameters
                0x0000000008007814       0x1c zephyr/drivers/flash/libdrivers__flash.a(flash_stm32.c.obj)
 .text.stm32_flash_init
                0x0000000008007830       0x80 zephyr/drivers/flash/libdrivers__flash.a(flash_stm32.c.obj)
 .text.flash_stm32_page_layout
                0x00000000080078b0       0x28 zephyr/drivers/flash/libdrivers__flash.a(flash_stm32f4x.c.obj)
                0x00000000080078b0                flash_stm32_page_layout
 .text.gpio_stm32_clock_request
                0x00000000080078d8       0x48 zephyr/drivers/gpio/libdrivers__gpio.a(gpio_stm32.c.obj)
 .text.gpio_stm32_pin_interrupt_configure
                0x0000000008007920       0xe0 zephyr/drivers/gpio/libdrivers__gpio.a(gpio_stm32.c.obj)
 .text.gpio_stm32_init
                0x0000000008007a00       0x54 zephyr/drivers/gpio/libdrivers__gpio.a(gpio_stm32.c.obj)
 .text.stm32_pin_configure
                0x0000000008007a54       0x68 zephyr/drivers/pinctrl/libdrivers__pinctrl.a(pinctrl_stm32.c.obj)
 .text.LL_TIM_OC_SetPolarity
                0x0000000008007abc       0x88 zephyr/drivers/pwm/libdrivers__pwm.a(pwm_stm32.c.obj)
 .text.LL_TIM_OC_GetPolarity
                0x0000000008007b44       0x78 zephyr/drivers/pwm/libdrivers__pwm.a(pwm_stm32.c.obj)
 .text.LL_TIM_OC_EnablePreload
                0x0000000008007bbc       0x88 zephyr/drivers/pwm/libdrivers__pwm.a(pwm_stm32.c.obj)
 .text.get_tim_clk
                0x0000000008007c44       0x64 zephyr/drivers/pwm/libdrivers__pwm.a(pwm_stm32.c.obj)
 .text.pwm_stm32_set_cycles
                0x0000000008007ca8      0x33c zephyr/drivers/pwm/libdrivers__pwm.a(pwm_stm32.c.obj)
 .text.pwm_stm32_init
                0x0000000008007fe4      0x23c zephyr/drivers/pwm/libdrivers__pwm.a(pwm_stm32.c.obj)
 .text.bmi08x_bus_init_spi
                0x0000000008008220       0x70 zephyr/drivers/sensor/bosch/bmi08x/libdrivers__sensor__bosch__bmi08x.a(bmi08x_accel.c.obj)
 .text.bmi08x_acc_range_set
                0x0000000008008290       0xe4 zephyr/drivers/sensor/bosch/bmi08x/libdrivers__sensor__bosch__bmi08x.a(bmi08x_accel.c.obj)
 .text.bmi08x_acc_config
                0x0000000008008374       0xa8 zephyr/drivers/sensor/bosch/bmi08x/libdrivers__sensor__bosch__bmi08x.a(bmi08x_accel.c.obj)
 .text.bmi08x_attr_set
                0x000000000800841c       0x78 zephyr/drivers/sensor/bosch/bmi08x/libdrivers__sensor__bosch__bmi08x.a(bmi08x_accel.c.obj)
 .text.bmi08x_sample_fetch
                0x0000000008008494       0xcc zephyr/drivers/sensor/bosch/bmi08x/libdrivers__sensor__bosch__bmi08x.a(bmi08x_accel.c.obj)
 .text.bmi08x_to_fixed_point
                0x0000000008008560       0x5c zephyr/drivers/sensor/bosch/bmi08x/libdrivers__sensor__bosch__bmi08x.a(bmi08x_accel.c.obj)
 .text.bmi08x_temp_channel_get
                0x00000000080085bc      0x1a8 zephyr/drivers/sensor/bosch/bmi08x/libdrivers__sensor__bosch__bmi08x.a(bmi08x_accel.c.obj)
 .text.bmi08x_channel_get
                0x0000000008008764       0x90 zephyr/drivers/sensor/bosch/bmi08x/libdrivers__sensor__bosch__bmi08x.a(bmi08x_accel.c.obj)
 .text.bmi08x_accel_init
                0x00000000080087f4      0x384 zephyr/drivers/sensor/bosch/bmi08x/libdrivers__sensor__bosch__bmi08x.a(bmi08x_accel.c.obj)
                0x00000000080087f4                bmi08x_accel_init
 .text.bmi08x_gyr_range_set
                0x0000000008008b78      0x114 zephyr/drivers/sensor/bosch/bmi08x/libdrivers__sensor__bosch__bmi08x.a(bmi08x_gyro.c.obj)
 .text.bmi08x_gyr_config
                0x0000000008008c8c       0xac zephyr/drivers/sensor/bosch/bmi08x/libdrivers__sensor__bosch__bmi08x.a(bmi08x_gyro.c.obj)
 .text.bmi08x_attr_set
                0x0000000008008d38       0x7c zephyr/drivers/sensor/bosch/bmi08x/libdrivers__sensor__bosch__bmi08x.a(bmi08x_gyro.c.obj)
 .text.bmi08x_sample_fetch
                0x0000000008008db4       0xbc zephyr/drivers/sensor/bosch/bmi08x/libdrivers__sensor__bosch__bmi08x.a(bmi08x_gyro.c.obj)
 .text.bmi08x_to_fixed_point
                0x0000000008008e70       0x5c zephyr/drivers/sensor/bosch/bmi08x/libdrivers__sensor__bosch__bmi08x.a(bmi08x_gyro.c.obj)
 .text.bmi08x_channel_get
                0x0000000008008ecc       0x78 zephyr/drivers/sensor/bosch/bmi08x/libdrivers__sensor__bosch__bmi08x.a(bmi08x_gyro.c.obj)
 .text.bmi08x_gyro_init
                0x0000000008008f44      0x364 zephyr/drivers/sensor/bosch/bmi08x/libdrivers__sensor__bosch__bmi08x.a(bmi08x_gyro.c.obj)
                0x0000000008008f44                bmi08x_gyro_init
 .text.bmi08x_freq_to_odr_val
                0x00000000080092a8       0x78 zephyr/drivers/sensor/bosch/bmi08x/libdrivers__sensor__bosch__bmi08x.a(bmi08x.c.obj)
                0x00000000080092a8                bmi08x_freq_to_odr_val
 .text.z_impl_gpio_pin_interrupt_configure
                0x0000000008009320       0x80 zephyr/drivers/sensor/bosch/bmi08x/libdrivers__sensor__bosch__bmi08x.a(bmi08x_accel_trigger.c.obj)
 .text.bmi08x_acc_thread_main
                0x00000000080093a0       0x40 zephyr/drivers/sensor/bosch/bmi08x/libdrivers__sensor__bosch__bmi08x.a(bmi08x_accel_trigger.c.obj)
 .text.bmi08x_acc_trigger_mode_init
                0x00000000080093e0      0x270 zephyr/drivers/sensor/bosch/bmi08x/libdrivers__sensor__bosch__bmi08x.a(bmi08x_accel_trigger.c.obj)
                0x00000000080093e0                bmi08x_acc_trigger_mode_init
 .text.z_impl_gpio_pin_interrupt_configure
                0x0000000008009650       0x80 zephyr/drivers/sensor/bosch/bmi08x/libdrivers__sensor__bosch__bmi08x.a(bmi08x_gyro_trigger.c.obj)
 .text.bmi08x_gyr_thread_main
                0x00000000080096d0       0x40 zephyr/drivers/sensor/bosch/bmi08x/libdrivers__sensor__bosch__bmi08x.a(bmi08x_gyro_trigger.c.obj)
 .text.bmi08x_gyr_trigger_mode_init
                0x0000000008009710      0x150 zephyr/drivers/sensor/bosch/bmi08x/libdrivers__sensor__bosch__bmi08x.a(bmi08x_gyro_trigger.c.obj)
                0x0000000008009710                bmi08x_gyr_trigger_mode_init
 .text.LL_USART_SetBaudRate
                0x0000000008009860      0x45c zephyr/drivers/serial/libdrivers__serial.a(uart_stm32.c.obj)
 .text.uart_stm32_set_baudrate
                0x0000000008009cbc       0x8c zephyr/drivers/serial/libdrivers__serial.a(uart_stm32.c.obj)
 .text.uart_stm32_configure
                0x0000000008009d48      0x11c zephyr/drivers/serial/libdrivers__serial.a(uart_stm32.c.obj)
 .text.uart_stm32_poll_in
                0x0000000008009e64       0x24 zephyr/drivers/serial/libdrivers__serial.a(uart_stm32.c.obj)
 .text.uart_stm32_poll_out
                0x0000000008009e88       0x28 zephyr/drivers/serial/libdrivers__serial.a(uart_stm32.c.obj)
 .text.__uart_stm32_get_clock
                0x0000000008009eb0       0x28 zephyr/drivers/serial/libdrivers__serial.a(uart_stm32.c.obj)
 .text.uart_stm32_fifo_fill
                0x0000000008009ed8       0x4c zephyr/drivers/serial/libdrivers__serial.a(uart_stm32.c.obj)
 .text.uart_stm32_fifo_read
                0x0000000008009f24       0x4c zephyr/drivers/serial/libdrivers__serial.a(uart_stm32.c.obj)
 .text.uart_stm32_irq_err_enable
                0x0000000008009f70       0x78 zephyr/drivers/serial/libdrivers__serial.a(uart_stm32.c.obj)
 .text.uart_stm32_irq_err_disable
                0x0000000008009fe8       0x78 zephyr/drivers/serial/libdrivers__serial.a(uart_stm32.c.obj)
 .text.async_evt_rx_rdy
                0x000000000800a060       0xc8 zephyr/drivers/serial/libdrivers__serial.a(uart_stm32.c.obj)
 .text.async_evt_rx_err
                0x000000000800a128       0x84 zephyr/drivers/serial/libdrivers__serial.a(uart_stm32.c.obj)
 .text.async_evt_tx_done
                0x000000000800a1ac       0x9c zephyr/drivers/serial/libdrivers__serial.a(uart_stm32.c.obj)
 .text.async_evt_tx_abort
                0x000000000800a248       0xa0 zephyr/drivers/serial/libdrivers__serial.a(uart_stm32.c.obj)
 .text.async_timer_start
                0x000000000800a2e8       0x9c zephyr/drivers/serial/libdrivers__serial.a(uart_stm32.c.obj)
 .text.uart_stm32_isr
                0x000000000800a384      0x10c zephyr/drivers/serial/libdrivers__serial.a(uart_stm32.c.obj)
 .text.uart_stm32_async_rx_disable
                0x000000000800a490      0x12c zephyr/drivers/serial/libdrivers__serial.a(uart_stm32.c.obj)
 .text.uart_stm32_dma_replace_buffer
                0x000000000800a5bc       0xe8 zephyr/drivers/serial/libdrivers__serial.a(uart_stm32.c.obj)
 .text.uart_stm32_async_tx
                0x000000000800a6a4      0x1a8 zephyr/drivers/serial/libdrivers__serial.a(uart_stm32.c.obj)
 .text.uart_stm32_async_rx_enable
                0x000000000800a84c      0x1d0 zephyr/drivers/serial/libdrivers__serial.a(uart_stm32.c.obj)
 .text.uart_stm32_async_rx_timeout
                0x000000000800aa1c       0x8c zephyr/drivers/serial/libdrivers__serial.a(uart_stm32.c.obj)
 .text.uart_stm32_async_tx_timeout
                0x000000000800aaa8       0x78 zephyr/drivers/serial/libdrivers__serial.a(uart_stm32.c.obj)
 .text.uart_stm32_async_rx_buf_rsp
                0x000000000800ab20       0xe0 zephyr/drivers/serial/libdrivers__serial.a(uart_stm32.c.obj)
 .text.uart_stm32_async_init
                0x000000000800ac00      0x260 zephyr/drivers/serial/libdrivers__serial.a(uart_stm32.c.obj)
 .text.uart_stm32_clocks_enable
                0x000000000800ae60       0xd0 zephyr/drivers/serial/libdrivers__serial.a(uart_stm32.c.obj)
 .text.uart_stm32_registers_configure
                0x000000000800af30       0xb8 zephyr/drivers/serial/libdrivers__serial.a(uart_stm32.c.obj)
 .text.spi_context_cs_configure_all
                0x000000000800afe8       0xb0 zephyr/drivers/spi/libdrivers__spi.a(spi_ll_stm32.c.obj)
 .text.spi_context_buffers_setup
                0x000000000800b098      0x174 zephyr/drivers/spi/libdrivers__spi.a(spi_ll_stm32.c.obj)
 .text.dma_callback
                0x000000000800b20c      0x108 zephyr/drivers/spi/libdrivers__spi.a(spi_ll_stm32.c.obj)
 .text.spi_stm32_dma_tx_load
                0x000000000800b314      0x118 zephyr/drivers/spi/libdrivers__spi.a(spi_ll_stm32.c.obj)
 .text.spi_stm32_dma_rx_load
                0x000000000800b42c      0x110 zephyr/drivers/spi/libdrivers__spi.a(spi_ll_stm32.c.obj)
 .text.spi_stm32_send_next_frame
                0x000000000800b53c      0x2d8 zephyr/drivers/spi/libdrivers__spi.a(spi_ll_stm32.c.obj)
 .text.spi_stm32_read_next_frame
                0x000000000800b814      0x2d4 zephyr/drivers/spi/libdrivers__spi.a(spi_ll_stm32.c.obj)
 .text.spi_stm32_get_err
                0x000000000800bae8       0x88 zephyr/drivers/spi/libdrivers__spi.a(spi_ll_stm32.c.obj)
 .text.spi_stm32_shift_s
                0x000000000800bb70      0x578 zephyr/drivers/spi/libdrivers__spi.a(spi_ll_stm32.c.obj)
 .text.spi_stm32_configure
                0x000000000800c0e8      0x360 zephyr/drivers/spi/libdrivers__spi.a(spi_ll_stm32.c.obj)
 .text.transceive_dma
                0x000000000800c448      0x88c zephyr/drivers/spi/libdrivers__spi.a(spi_ll_stm32.c.obj)
 .text.spi_stm32_init
                0x000000000800ccd4      0x270 zephyr/drivers/spi/libdrivers__spi.a(spi_ll_stm32.c.obj)
 .text.__NVIC_SetPriority
                0x000000000800cf44       0x54 zephyr/drivers/timer/libdrivers__timer.a(cortex_m_systick.c.obj)
 .text.elapsed  0x000000000800cf98       0x7c zephyr/drivers/timer/libdrivers__timer.a(cortex_m_systick.c.obj)
 .text.sys_clock_isr
                0x000000000800d014       0xb0 zephyr/drivers/timer/libdrivers__timer.a(cortex_m_systick.c.obj)
                0x000000000800d014                sys_clock_isr
 .text.sys_clock_set_timeout
                0x000000000800d0c4      0x208 zephyr/drivers/timer/libdrivers__timer.a(cortex_m_systick.c.obj)
                0x000000000800d0c4                sys_clock_set_timeout
 .text.sys_clock_elapsed
                0x000000000800d2cc       0xa0 zephyr/drivers/timer/libdrivers__timer.a(cortex_m_systick.c.obj)
                0x000000000800d2cc                sys_clock_elapsed
 .text.sys_clock_cycle_get_32
                0x000000000800d36c       0x84 zephyr/drivers/timer/libdrivers__timer.a(cortex_m_systick.c.obj)
                0x000000000800d36c                sys_clock_cycle_get_32
 .text.sys_clock_driver_init
                0x000000000800d3f0       0x4c zephyr/drivers/timer/libdrivers__timer.a(cortex_m_systick.c.obj)
 .text.get_can_id
                0x000000000800d43c       0x48 modules/motor demo/drivers/motor/mi/lib..__motor__drivers__motor__mi.a(motor_mi.c.obj)
 .text.mi_init  0x000000000800d484       0xf8 modules/motor demo/drivers/motor/mi/lib..__motor__drivers__motor__mi.a(motor_mi.c.obj)
                0x000000000800d484                mi_init
 .text.mi_send_queued
                0x000000000800d57c      0x10c modules/motor demo/drivers/motor/mi/lib..__motor__drivers__motor__mi.a(motor_mi.c.obj)
                0x000000000800d57c                mi_send_queued
 .text.mi_queue_proceed
                0x000000000800d688       0xf4 modules/motor demo/drivers/motor/mi/lib..__motor__drivers__motor__mi.a(motor_mi.c.obj)
                0x000000000800d688                mi_queue_proceed
 .text.mi_motor_control
                0x000000000800d77c      0x15c modules/motor demo/drivers/motor/mi/lib..__motor__drivers__motor__mi.a(motor_mi.c.obj)
                0x000000000800d77c                mi_motor_control
 .text.mi_motor_pack
                0x000000000800d8d8      0x278 modules/motor demo/drivers/motor/mi/lib..__motor__drivers__motor__mi.a(motor_mi.c.obj)
 .text.mi_motor_set_mode
                0x000000000800db50      0x26c modules/motor demo/drivers/motor/mi/lib..__motor__drivers__motor__mi.a(motor_mi.c.obj)
                0x000000000800db50                mi_motor_set_mode
 .text.mi_motor_set_speed
                0x000000000800ddbc       0x38 modules/motor demo/drivers/motor/mi/lib..__motor__drivers__motor__mi.a(motor_mi.c.obj)
                0x000000000800ddbc                mi_motor_set_speed
 .text.mi_motor_set_angle
                0x000000000800ddf4       0x38 modules/motor demo/drivers/motor/mi/lib..__motor__drivers__motor__mi.a(motor_mi.c.obj)
                0x000000000800ddf4                mi_motor_set_angle
 .text.get_motor_id
                0x000000000800de2c       0x54 modules/motor demo/drivers/motor/mi/lib..__motor__drivers__motor__mi.a(motor_mi.c.obj)
 .text.mi_can_rx_handler
                0x000000000800de80      0x1cc modules/motor demo/drivers/motor/mi/lib..__motor__drivers__motor__mi.a(motor_mi.c.obj)
 .text.mi_rx_data_handler
                0x000000000800e04c      0x17c modules/motor demo/drivers/motor/mi/lib..__motor__drivers__motor__mi.a(motor_mi.c.obj)
                0x000000000800e04c                mi_rx_data_handler
 .text.mi_tx_isr_handler
                0x000000000800e1c8       0x20 modules/motor demo/drivers/motor/mi/lib..__motor__drivers__motor__mi.a(motor_mi.c.obj)
                0x000000000800e1c8                mi_tx_isr_handler
 .text.mi_isr_init_handler
                0x000000000800e1e8       0x90 modules/motor demo/drivers/motor/mi/lib..__motor__drivers__motor__mi.a(motor_mi.c.obj)
                0x000000000800e1e8                mi_isr_init_handler
 .text.mi_tx_data_handler
                0x000000000800e278      0x194 modules/motor demo/drivers/motor/mi/lib..__motor__drivers__motor__mi.a(motor_mi.c.obj)
                0x000000000800e278                mi_tx_data_handler
 .text.mi_init_handler
                0x000000000800e40c      0x238 modules/motor demo/drivers/motor/mi/lib..__motor__drivers__motor__mi.a(motor_mi.c.obj)
                0x000000000800e40c                mi_init_handler
 .text.HAL_RCC_GetSysClockFreq
                0x000000000800e644      0x18c modules/hal_stm32/stm32cube/lib..__modules__hal__stm32__stm32cube.a(stm32f4xx_hal_rcc.c.obj)
                0x000000000800e644                HAL_RCC_GetSysClockFreq
 .text.LL_DMA_ConfigTransfer
                0x000000000800e7d0       0x4c modules/hal_stm32/stm32cube/lib..__modules__hal__stm32__stm32cube.a(stm32f4xx_ll_dma.c.obj)
 .text.LL_DMA_SetDataLength
                0x000000000800e81c       0x48 modules/hal_stm32/stm32cube/lib..__modules__hal__stm32__stm32cube.a(stm32f4xx_ll_dma.c.obj)
 .text.LL_DMA_SetChannelSelection
                0x000000000800e864       0x48 modules/hal_stm32/stm32cube/lib..__modules__hal__stm32__stm32cube.a(stm32f4xx_ll_dma.c.obj)
 .text.LL_DMA_SetMemoryBurstxfer
                0x000000000800e8ac       0x48 modules/hal_stm32/stm32cube/lib..__modules__hal__stm32__stm32cube.a(stm32f4xx_ll_dma.c.obj)
 .text.LL_DMA_SetPeriphBurstxfer
                0x000000000800e8f4       0x48 modules/hal_stm32/stm32cube/lib..__modules__hal__stm32__stm32cube.a(stm32f4xx_ll_dma.c.obj)
 .text.LL_DMA_ConfigFifo
                0x000000000800e93c       0x4c modules/hal_stm32/stm32cube/lib..__modules__hal__stm32__stm32cube.a(stm32f4xx_ll_dma.c.obj)
 .text.LL_DMA_SetMemoryAddress
                0x000000000800e988       0x30 modules/hal_stm32/stm32cube/lib..__modules__hal__stm32__stm32cube.a(stm32f4xx_ll_dma.c.obj)
 .text.LL_DMA_SetPeriphAddress
                0x000000000800e9b8       0x30 modules/hal_stm32/stm32cube/lib..__modules__hal__stm32__stm32cube.a(stm32f4xx_ll_dma.c.obj)
 .text.LL_TIM_Init
                0x000000000800e9e8      0x134 modules/hal_stm32/stm32cube/lib..__modules__hal__stm32__stm32cube.a(stm32f4xx_ll_tim.c.obj)
                0x000000000800e9e8                LL_TIM_Init
 .text.OC1Config
                0x000000000800eb1c       0xd8 modules/hal_stm32/stm32cube/lib..__modules__hal__stm32__stm32cube.a(stm32f4xx_ll_tim.c.obj)
 .text.OC2Config
                0x000000000800ebf4       0xe0 modules/hal_stm32/stm32cube/lib..__modules__hal__stm32__stm32cube.a(stm32f4xx_ll_tim.c.obj)
 .text.OC3Config
                0x000000000800ecd4       0xe0 modules/hal_stm32/stm32cube/lib..__modules__hal__stm32__stm32cube.a(stm32f4xx_ll_tim.c.obj)
 .text.OC4Config
                0x000000000800edb4       0xb0 modules/hal_stm32/stm32cube/lib..__modules__hal__stm32__stm32cube.a(stm32f4xx_ll_tim.c.obj)
 .text.LL_FLASH_SetLatency
                0x000000000800ee64       0x28 modules/hal_stm32/stm32cube/lib..__modules__hal__stm32__stm32cube.a(stm32f4xx_ll_utils.c.obj)
 .text.LL_FLASH_GetLatency
                0x000000000800ee8c       0x1c modules/hal_stm32/stm32cube/lib..__modules__hal__stm32__stm32cube.a(stm32f4xx_ll_utils.c.obj)
 .text.LL_PWR_GetRegulVoltageScaling
                0x000000000800eea8       0x1c modules/hal_stm32/stm32cube/lib..__modules__hal__stm32__stm32cube.a(stm32f4xx_ll_utils.c.obj)
 .text.LL_SetFlashLatency
                0x000000000800eec4      0x12c modules/hal_stm32/stm32cube/lib..__modules__hal__stm32__stm32cube.a(stm32f4xx_ll_utils.c.obj)
                0x000000000800eec4                LL_SetFlashLatency
 .text.z_device_state_init
                0x000000000800eff0       0x3c zephyr/kernel/libkernel.a(device.c.obj)
                0x000000000800eff0                z_device_state_init
 .text.k_sys_fatal_error_handler
                0x000000000800f02c       0x50 zephyr/kernel/libkernel.a(fatal.c.obj)
                0x000000000800f02c                k_sys_fatal_error_handler
 .text.thread_name_get
                0x000000000800f07c       0x3c zephyr/kernel/libkernel.a(fatal.c.obj)
 .text.reason_to_str
                0x000000000800f0b8       0x64 zephyr/kernel/libkernel.a(fatal.c.obj)
 .text.z_fatal_error
                0x000000000800f11c      0x17c zephyr/kernel/libkernel.a(fatal.c.obj)
                0x000000000800f11c                z_fatal_error
 .text.__NVIC_SetPriority
                0x000000000800f298       0x54 zephyr/kernel/libkernel.a(init.c.obj)
 .text.z_add_thread_timeout
                0x000000000800f2ec       0x28 zephyr/kernel/libkernel.a(init.c.obj)
 .text.z_init_static_threads
                0x000000000800f314       0xd4 zephyr/kernel/libkernel.a(init.c.obj)
 .text.z_bss_zero
                0x000000000800f3e8       0x38 zephyr/kernel/libkernel.a(init.c.obj)
                0x000000000800f3e8                z_bss_zero
 .text.z_sys_init_run_level
                0x000000000800f420       0x58 zephyr/kernel/libkernel.a(init.c.obj)
 .text.bg_thread_main
                0x000000000800f478       0x44 zephyr/kernel/libkernel.a(init.c.obj)
 .text.init_idle_thread
                0x000000000800f4bc       0x80 zephyr/kernel/libkernel.a(init.c.obj)
 .text.z_init_cpu
                0x000000000800f53c       0x7c zephyr/kernel/libkernel.a(init.c.obj)
                0x000000000800f53c                z_init_cpu
 .text.prepare_multithreading
                0x000000000800f5b8       0x68 zephyr/kernel/libkernel.a(init.c.obj)
 .text.switch_to_main_thread
                0x000000000800f620       0x1c zephyr/kernel/libkernel.a(init.c.obj)
 .text.z_cstart
                0x000000000800f63c       0xd4 zephyr/kernel/libkernel.a(init.c.obj)
                0x000000000800f63c                z_cstart
 .text.init_mem_slab_obj_core_list
                0x000000000800f710       0x54 zephyr/kernel/libkernel.a(mem_slab.c.obj)
 .text.z_impl_k_msgq_put
                0x000000000800f764      0x1b4 zephyr/kernel/libkernel.a(msg_q.c.obj)
                0x000000000800f764                z_impl_k_msgq_put
 .text.z_impl_k_msgq_get
                0x000000000800f918      0x1d0 zephyr/kernel/libkernel.a(msg_q.c.obj)
                0x000000000800f918                z_impl_k_msgq_get
 .text.adjust_owner_prio
                0x000000000800fae8       0xa8 zephyr/kernel/libkernel.a(mutex.c.obj)
 .text.z_impl_k_mutex_lock
                0x000000000800fb90      0x460 zephyr/kernel/libkernel.a(mutex.c.obj)
                0x000000000800fb90                z_impl_k_mutex_lock
 .text.z_impl_k_mutex_unlock
                0x000000000800fff0      0x1f0 zephyr/kernel/libkernel.a(mutex.c.obj)
                0x000000000800fff0                z_impl_k_mutex_unlock
 .text.z_impl_k_sem_give
                0x00000000080101e0      0x11c zephyr/kernel/libkernel.a(sem.c.obj)
                0x00000000080101e0                z_impl_k_sem_give
 .text.z_impl_k_sem_take
                0x00000000080102fc       0xe8 zephyr/kernel/libkernel.a(sem.c.obj)
                0x00000000080102fc                z_impl_k_sem_take
 .text.z_impl_k_sem_reset
                0x00000000080103e4      0x124 zephyr/kernel/libkernel.a(sem.c.obj)
                0x00000000080103e4                z_impl_k_sem_reset
 .text.finalize_cancel_locked
                0x0000000008010508       0xc4 zephyr/kernel/libkernel.a(work.c.obj)
 .text.k_work_busy_get
                0x00000000080105cc       0x74 zephyr/kernel/libkernel.a(work.c.obj)
                0x00000000080105cc                k_work_busy_get
 .text.queue_submit_locked
                0x0000000008010640       0xe4 zephyr/kernel/libkernel.a(work.c.obj)
 .text.z_work_submit_to_queue
                0x0000000008010724       0x7c zephyr/kernel/libkernel.a(work.c.obj)
                0x0000000008010724                z_work_submit_to_queue
 .text.work_queue_main
                0x00000000080107a0      0x274 zephyr/kernel/libkernel.a(work.c.obj)
 .text.k_work_queue_start
                0x0000000008010a14       0xd4 zephyr/kernel/libkernel.a(work.c.obj)
                0x0000000008010a14                k_work_queue_start
 .text.work_timeout
                0x0000000008010ae8       0x9c zephyr/kernel/libkernel.a(work.c.obj)
 .text.schedule_for_queue_locked
                0x0000000008010b84       0x68 zephyr/kernel/libkernel.a(work.c.obj)
 .text.k_work_reschedule_for_queue
                0x0000000008010bec       0x88 zephyr/kernel/libkernel.a(work.c.obj)
                0x0000000008010bec                k_work_reschedule_for_queue
 .text.k_work_reschedule
                0x0000000008010c74       0x28 zephyr/kernel/libkernel.a(work.c.obj)
                0x0000000008010c74                k_work_reschedule
 .text.k_work_cancel_delayable
                0x0000000008010c9c       0x74 zephyr/kernel/libkernel.a(work.c.obj)
                0x0000000008010c9c                k_work_cancel_delayable
 .text.z_add_thread_timeout
                0x0000000008010d10       0x28 zephyr/kernel/libkernel.a(thread.c.obj)
 .text.z_impl_k_thread_name_set
                0x0000000008010d38       0x3c zephyr/kernel/libkernel.a(thread.c.obj)
                0x0000000008010d38                z_impl_k_thread_name_set
 .text.setup_thread_stack
                0x0000000008010d74       0xc0 zephyr/kernel/libkernel.a(thread.c.obj)
 .text.z_setup_new_thread
                0x0000000008010e34      0x130 zephyr/kernel/libkernel.a(thread.c.obj)
                0x0000000008010e34                z_setup_new_thread
 .text.z_dummy_thread_init
                0x0000000008010f64       0x34 zephyr/kernel/libkernel.a(thread.c.obj)
                0x0000000008010f64                z_dummy_thread_init
 .text.z_add_thread_timeout
                0x0000000008010f98       0x28 zephyr/kernel/libkernel.a(sched.c.obj)
 .text.z_sched_lock
                0x0000000008010fc0       0x20 zephyr/kernel/libkernel.a(sched.c.obj)
 .text.z_swap_irqlock
                0x0000000008010fe0       0x68 zephyr/kernel/libkernel.a(sched.c.obj)
 .text.move_thread_to_end_of_prio_q
                0x0000000008011048      0x1dc zephyr/kernel/libkernel.a(sched.c.obj)
                0x0000000008011048                move_thread_to_end_of_prio_q
 .text.ready_thread
                0x0000000008011224      0x1b0 zephyr/kernel/libkernel.a(sched.c.obj)
 .text.z_ready_thread
                0x00000000080113d4       0x90 zephyr/kernel/libkernel.a(sched.c.obj)
                0x00000000080113d4                z_ready_thread
 .text.thread_halt_spin
                0x0000000008011464      0x260 zephyr/kernel/libkernel.a(sched.c.obj)
 .text.unready_thread
                0x00000000080116c4      0x120 zephyr/kernel/libkernel.a(sched.c.obj)
 .text.z_unpend_thread_no_timeout
                0x00000000080117e4       0x8c zephyr/kernel/libkernel.a(sched.c.obj)
                0x00000000080117e4                z_unpend_thread_no_timeout
 .text.z_sched_wake_thread
                0x0000000008011870       0xf8 zephyr/kernel/libkernel.a(sched.c.obj)
                0x0000000008011870                z_sched_wake_thread
 .text.z_pend_curr
                0x0000000008011968       0x84 zephyr/kernel/libkernel.a(sched.c.obj)
                0x0000000008011968                z_pend_curr
 .text.z_unpend1_no_timeout
                0x00000000080119ec       0xac zephyr/kernel/libkernel.a(sched.c.obj)
                0x00000000080119ec                z_unpend1_no_timeout
 .text.z_thread_prio_set
                0x0000000008011a98      0x280 zephyr/kernel/libkernel.a(sched.c.obj)
                0x0000000008011a98                z_thread_prio_set
 .text.need_swap
                0x0000000008011d18       0x2c zephyr/kernel/libkernel.a(sched.c.obj)
 .text.k_sched_lock
                0x0000000008011d44       0x80 zephyr/kernel/libkernel.a(sched.c.obj)
                0x0000000008011d44                k_sched_lock
 .text.k_sched_unlock
                0x0000000008011dc4      0x1a0 zephyr/kernel/libkernel.a(sched.c.obj)
                0x0000000008011dc4                k_sched_unlock
 .text.z_sched_init
                0x0000000008011f64       0x14 zephyr/kernel/libkernel.a(sched.c.obj)
                0x0000000008011f64                z_sched_init
 .text.z_impl_k_yield
                0x0000000008011f78      0x19c zephyr/kernel/libkernel.a(sched.c.obj)
                0x0000000008011f78                z_impl_k_yield
 .text.z_tick_sleep
                0x0000000008012114      0x15c zephyr/kernel/libkernel.a(sched.c.obj)
 .text.z_impl_k_wakeup
                0x0000000008012270       0x94 zephyr/kernel/libkernel.a(sched.c.obj)
                0x0000000008012270                z_impl_k_wakeup
 .text.z_impl_k_sched_current_thread_query
                0x0000000008012304       0x18 zephyr/kernel/libkernel.a(sched.c.obj)
                0x0000000008012304                z_impl_k_sched_current_thread_query
 .text.z_thread_abort
                0x000000000801231c      0x3e8 zephyr/kernel/libkernel.a(sched.c.obj)
                0x000000000801231c                z_thread_abort
 .text.z_sched_wake
                0x0000000008012704       0xec zephyr/kernel/libkernel.a(sched.c.obj)
                0x0000000008012704                z_sched_wake
 .text.z_sched_wait
                0x00000000080127f0       0x40 zephyr/kernel/libkernel.a(sched.c.obj)
                0x00000000080127f0                z_sched_wait
 .text.z_is_idle_thread_object
                0x0000000008012830       0x28 zephyr/kernel/libkernel.a(timeslicing.c.obj)
 .text.slice_time
                0x0000000008012858       0x20 zephyr/kernel/libkernel.a(timeslicing.c.obj)
 .text.thread_is_sliceable
                0x0000000008012878       0x84 zephyr/kernel/libkernel.a(timeslicing.c.obj)
                0x0000000008012878                thread_is_sliceable
 .text.slice_timeout
                0x00000000080128fc       0x3c zephyr/kernel/libkernel.a(timeslicing.c.obj)
 .text.z_reset_time_slice
                0x0000000008012938       0x80 zephyr/kernel/libkernel.a(timeslicing.c.obj)
                0x0000000008012938                z_reset_time_slice
 .text.z_time_slice
                0x00000000080129b8       0xe8 zephyr/kernel/libkernel.a(timeslicing.c.obj)
                0x00000000080129b8                z_time_slice
 .text.z_thread_monitor_exit
                0x0000000008012aa0       0xc0 zephyr/kernel/libkernel.a(thread_monitor.c.obj)
                0x0000000008012aa0                z_thread_monitor_exit
 .text.z_data_copy
                0x0000000008012b60       0x5c zephyr/kernel/libkernel.a(xip.c.obj)
                0x0000000008012b60                z_data_copy
 .text.first    0x0000000008012bbc       0x1c zephyr/kernel/libkernel.a(timeout.c.obj)
 .text.next     0x0000000008012bd8       0x24 zephyr/kernel/libkernel.a(timeout.c.obj)
 .text.elapsed  0x0000000008012bfc       0x20 zephyr/kernel/libkernel.a(timeout.c.obj)
 .text.z_add_timeout
                0x0000000008012c1c      0x1e8 zephyr/kernel/libkernel.a(timeout.c.obj)
                0x0000000008012c1c                z_add_timeout
 .text.z_abort_timeout
                0x0000000008012e04       0xc4 zephyr/kernel/libkernel.a(timeout.c.obj)
                0x0000000008012e04                z_abort_timeout
 .text.sys_clock_announce
                0x0000000008012ec8      0x1e4 zephyr/kernel/libkernel.a(timeout.c.obj)
                0x0000000008012ec8                sys_clock_announce
 .text.sys_clock_tick_get
                0x00000000080130ac       0xb0 zephyr/kernel/libkernel.a(timeout.c.obj)
                0x00000000080130ac                sys_clock_tick_get
 .text.z_timer_expiration_handler
                0x000000000801315c      0x290 zephyr/kernel/libkernel.a(timer.c.obj)
                0x000000000801315c                z_timer_expiration_handler
 .text.z_impl_k_timer_start
                0x00000000080133ec      0x108 zephyr/kernel/libkernel.a(timer.c.obj)
                0x00000000080133ec                z_impl_k_timer_start
 .text.z_handle_obj_poll_events
                0x00000000080134f4       0x90 zephyr/kernel/libkernel.a(poll.c.obj)
                0x00000000080134f4                z_handle_obj_poll_events
 .text.boot_banner
                0x0000000008013584       0x14 zephyr/kernel/libkernel.a(banner.c.obj)
                0x0000000008013584                boot_banner
 .text.statics_init
                0x0000000008013598       0x48 zephyr/kernel/libkernel.a(kheap.c.obj)
 .text.k_sys_work_q_init
                0x00000000080135e0       0x3c zephyr/kernel/libkernel.a(system_work_q.c.obj)
 .text.skip_to_arg
                0x000000000801361c      0x138 /home/librgod/zephyr-sdk-0.17.0/arm-zephyr-eabi/bin/../lib/gcc/../../picolibc/arm-zephyr-eabi/lib/thumb/v7e-m+fp/hard/libc.a(libc_tinystdio_vfprintf.c.o)
 .text.vfprintf
                0x0000000008013754      0x9bc /home/librgod/zephyr-sdk-0.17.0/arm-zephyr-eabi/bin/../lib/gcc/../../picolibc/arm-zephyr-eabi/lib/thumb/v7e-m+fp/hard/libc.a(libc_tinystdio_vfprintf.c.o)
                0x0000000008013754                __d_vfprintf
 .text.div10    0x0000000008014110       0x28 /home/librgod/zephyr-sdk-0.17.0/arm-zephyr-eabi/bin/../lib/gcc/../../picolibc/arm-zephyr-eabi/lib/thumb/v7e-m+fp/hard/libc.a(libc_tinystdio_dtoa_ryu.c.o)
 .text.__dtoa_engine
                0x0000000008014138      0x4b0 /home/librgod/zephyr-sdk-0.17.0/arm-zephyr-eabi/bin/../lib/gcc/../../picolibc/arm-zephyr-eabi/lib/thumb/v7e-m+fp/hard/libc.a(libc_tinystdio_dtoa_ryu.c.o)
                0x0000000008014138                __dtoa_engine
 .text.__log10Pow2
                0x00000000080145e8        0xc /home/librgod/zephyr-sdk-0.17.0/arm-zephyr-eabi/bin/../lib/gcc/../../picolibc/arm-zephyr-eabi/lib/thumb/v7e-m+fp/hard/libc.a(libc_tinystdio_ryu_log10.c.o)
                0x00000000080145e8                __log10Pow2
 .text.__log10Pow5
                0x00000000080145f4        0xc /home/librgod/zephyr-sdk-0.17.0/arm-zephyr-eabi/bin/../lib/gcc/../../picolibc/arm-zephyr-eabi/lib/thumb/v7e-m+fp/hard/libc.a(libc_tinystdio_ryu_log10.c.o)
                0x00000000080145f4                __log10Pow5
 .text.__pow5bits
                0x0000000008014600       0x10 /home/librgod/zephyr-sdk-0.17.0/arm-zephyr-eabi/bin/../lib/gcc/../../picolibc/arm-zephyr-eabi/lib/thumb/v7e-m+fp/hard/libc.a(libc_tinystdio_ryu_pow5bits.c.o)
                0x0000000008014600                __pow5bits
 .text.__pow5Factor
                0x0000000008014610       0x30 /home/librgod/zephyr-sdk-0.17.0/arm-zephyr-eabi/bin/../lib/gcc/../../picolibc/arm-zephyr-eabi/lib/thumb/v7e-m+fp/hard/libc.a(libc_tinystdio_ryu_table.c.o)
                0x0000000008014610                __pow5Factor
 .text.__double_computePow5
                0x0000000008014640       0xe8 /home/librgod/zephyr-sdk-0.17.0/arm-zephyr-eabi/bin/../lib/gcc/../../picolibc/arm-zephyr-eabi/lib/thumb/v7e-m+fp/hard/libc.a(libc_tinystdio_ryu_table.c.o)
                0x0000000008014640                __double_computePow5
 .text.__double_computeInvPow5
                0x0000000008014728       0xf8 /home/librgod/zephyr-sdk-0.17.0/arm-zephyr-eabi/bin/../lib/gcc/../../picolibc/arm-zephyr-eabi/lib/thumb/v7e-m+fp/hard/libc.a(libc_tinystdio_ryu_table.c.o)
                0x0000000008014728                __double_computeInvPow5
 .text._OffsetAbsSyms
                0x0000000008014820        0xe zephyr/CMakeFiles/offsets.dir/./arch/arm/core/offsets/offsets.c.obj
                0x0000000008014820                _OffsetAbsSyms
 .text.k_msleep
                0x000000000801482e       0x58 app/libapp.a(main.c.obj)
 .text.k_sleep  0x0000000008014886       0x1c app/libapp.a(main.c.obj)
 .text.z_log_msg_runtime_create
                0x00000000080148a2       0x3c app/libapp.a(main.c.obj)
 .text.z_impl_motor_set_speed
                0x00000000080148de       0x36 app/libapp.a(main.c.obj)
 .text.z_impl_motor_set_angle
                0x0000000008014914       0x36 app/libapp.a(main.c.obj)
 .text.z_impl_motor_set_torque
                0x000000000801494a       0x36 app/libapp.a(main.c.obj)
 .text.z_impl_motor_control
                0x0000000008014980       0x30 app/libapp.a(main.c.obj)
 .text.z_impl_motor_set_mode
                0x00000000080149b0       0x36 app/libapp.a(main.c.obj)
 .text.motor_set_speed
                0x00000000080149e6       0x20 app/libapp.a(main.c.obj)
 .text.motor_set_angle
                0x0000000008014a06       0x20 app/libapp.a(main.c.obj)
 .text.motor_set_torque
                0x0000000008014a26       0x20 app/libapp.a(main.c.obj)
 .text.motor_control
                0x0000000008014a46       0x1e app/libapp.a(main.c.obj)
 .text.motor_set_mode
                0x0000000008014a64       0x20 app/libapp.a(main.c.obj)
 .text.big_heap_chunks
                0x0000000008014a84       0x16 zephyr/libzephyr.a(heap.c.obj)
 .text.big_heap_bytes
                0x0000000008014a9a       0x1c zephyr/libzephyr.a(heap.c.obj)
 .text.big_heap
                0x0000000008014ab6       0x1c zephyr/libzephyr.a(heap.c.obj)
 .text.chunk_buf
                0x0000000008014ad2       0x16 zephyr/libzephyr.a(heap.c.obj)
 .text.chunk_field
                0x0000000008014ae8       0x4a zephyr/libzephyr.a(heap.c.obj)
 .text.chunk_set
                0x0000000008014b32       0x52 zephyr/libzephyr.a(heap.c.obj)
 .text.chunk_size
                0x0000000008014b84       0x20 zephyr/libzephyr.a(heap.c.obj)
 .text.set_chunk_used
                0x0000000008014ba4       0x8a zephyr/libzephyr.a(heap.c.obj)
 .text.set_chunk_size
                0x0000000008014c2e       0x22 zephyr/libzephyr.a(heap.c.obj)
 .text.prev_free_chunk
                0x0000000008014c50       0x1e zephyr/libzephyr.a(heap.c.obj)
 .text.set_prev_free_chunk
                0x0000000008014c6e       0x20 zephyr/libzephyr.a(heap.c.obj)
 .text.set_next_free_chunk
                0x0000000008014c8e       0x20 zephyr/libzephyr.a(heap.c.obj)
 .text.set_left_chunk_size
                0x0000000008014cae       0x20 zephyr/libzephyr.a(heap.c.obj)
 .text.solo_free_header
                0x0000000008014cce       0x38 zephyr/libzephyr.a(heap.c.obj)
 .text.chunk_header_bytes
                0x0000000008014d06       0x22 zephyr/libzephyr.a(heap.c.obj)
 .text.heap_footer_bytes
                0x0000000008014d28       0x22 zephyr/libzephyr.a(heap.c.obj)
 .text.chunksz  0x0000000008014d4a       0x1a zephyr/libzephyr.a(heap.c.obj)
 .text.bytes_to_chunksz
                0x0000000008014d64       0x26 zephyr/libzephyr.a(heap.c.obj)
 .text.min_chunk_size
                0x0000000008014d8a       0x1a zephyr/libzephyr.a(heap.c.obj)
 .text.bucket_idx
                0x0000000008014da4       0x2c zephyr/libzephyr.a(heap.c.obj)
 .text.free_list_add_bidx
                0x0000000008014dd0       0x8e zephyr/libzephyr.a(heap.c.obj)
 .text.free_list_add
                0x0000000008014e5e       0x44 zephyr/libzephyr.a(heap.c.obj)
 .text.sys_heap_init
                0x0000000008014ea2       0xf8 zephyr/libzephyr.a(heap.c.obj)
                0x0000000008014ea2                sys_heap_init
 .text.ptr_in_rodata
                0x0000000008014f9a       0x18 zephyr/libzephyr.a(cbprintf_packaged.c.obj)
 .text.cbprintf_via_va_list
                0x0000000008014fb2       0x28 zephyr/libzephyr.a(cbprintf_packaged.c.obj)
 .text.cbpprintf_external
                0x0000000008014fda       0xb2 zephyr/libzephyr.a(cbprintf_packaged.c.obj)
                0x0000000008014fda                cbpprintf_external
 .text.arch_printk_char_out
                0x000000000801508c       0x16 zephyr/libzephyr.a(printk.c.obj)
                0x000000000801508c                arch_printk_char_out
 .text.vprintk  0x00000000080150a2       0x1a zephyr/libzephyr.a(printk.c.obj)
                0x00000000080150a2                vprintk
 .text.printk   0x00000000080150bc       0x24 zephyr/libzephyr.a(printk.c.obj)
                0x00000000080150bc                printk
 .text.k_sched_current_thread_query
                0x00000000080150e0        0xe zephyr/libzephyr.a(thread_entry.c.obj)
 .text.k_thread_abort
                0x00000000080150ee       0x16 zephyr/libzephyr.a(thread_entry.c.obj)
 .text._ConfigAbsSyms
                0x0000000008015104        0xe zephyr/libzephyr.a(configs.c.obj)
                0x0000000008015104                _ConfigAbsSyms
 .text.st_stm32_common_config
                0x0000000008015112        0xe zephyr/libzephyr.a(soc_config.c.obj)
 .text.atomic_add
                0x0000000008015120       0x32 zephyr/libzephyr.a(log_core.c.obj)
 .text.atomic_sub
                0x0000000008015152       0x32 zephyr/libzephyr.a(log_core.c.obj)
 .text.atomic_inc
                0x0000000008015184       0x1a zephyr/libzephyr.a(log_core.c.obj)
 .text.atomic_dec
                0x000000000801519e       0x1a zephyr/libzephyr.a(log_core.c.obj)
 .text.z_log_item_is_msg
                0x00000000080151b8       0x28 zephyr/libzephyr.a(log_core.c.obj)
 .text.k_msleep
                0x00000000080151e0       0x58 zephyr/libzephyr.a(log_core.c.obj)
 .text.k_uptime_get
                0x0000000008015238       0x26 zephyr/libzephyr.a(log_core.c.obj)
 .text.k_uptime_get_32
                0x000000000801525e       0x12 zephyr/libzephyr.a(log_core.c.obj)
 .text.k_sleep  0x0000000008015270       0x1c zephyr/libzephyr.a(log_core.c.obj)
 .text.k_uptime_ticks
                0x000000000801528c       0x12 zephyr/libzephyr.a(log_core.c.obj)
 .text.log_backend_init
                0x000000000801529e       0x2c zephyr/libzephyr.a(log_core.c.obj)
 .text.log_backend_is_ready
                0x00000000080152ca       0x2a zephyr/libzephyr.a(log_core.c.obj)
 .text.log_backend_msg_process
                0x00000000080152f4       0x1e zephyr/libzephyr.a(log_core.c.obj)
 .text.log_backend_panic
                0x0000000008015312       0x1a zephyr/libzephyr.a(log_core.c.obj)
 .text.log_backend_id_set
                0x000000000801532c       0x20 zephyr/libzephyr.a(log_core.c.obj)
 .text.log_backend_is_active
                0x000000000801534c       0x1a zephyr/libzephyr.a(log_core.c.obj)
 .text.dummy_timestamp
                0x0000000008015366       0x10 zephyr/libzephyr.a(log_core.c.obj)
 .text.z_log_vprintk
                0x0000000008015376       0x2c zephyr/libzephyr.a(log_core.c.obj)
                0x0000000008015376                z_log_vprintk
 .text.default_lf_get_timestamp
                0x00000000080153a2        0xe zephyr/libzephyr.a(log_core.c.obj)
 .text.activate_foreach_backend
                0x00000000080153b0       0x76 zephyr/libzephyr.a(log_core.c.obj)
 .text.msg_filter_check
                0x0000000008015426       0x2a zephyr/libzephyr.a(log_core.c.obj)
 .text.msg_commit
                0x0000000008015450       0x1a zephyr/libzephyr.a(log_core.c.obj)
 .text.z_log_get_tag
                0x000000000801546a       0x10 zephyr/libzephyr.a(log_core.c.obj)
                0x000000000801546a                z_log_get_tag
 .text.enable_logger
                0x000000000801547a       0x12 zephyr/libzephyr.a(log_core.c.obj)
 .text.z_log_is_local_domain
                0x000000000801548c       0x18 zephyr/libzephyr.a(log_mgmt.c.obj)
 .text.log_backend_activate
                0x00000000080154a4       0x26 zephyr/libzephyr.a(log_mgmt.c.obj)
 .text.log_link_sources_count
                0x00000000080154ca       0x22 zephyr/libzephyr.a(log_mgmt.c.obj)
 .text.log_link_get_source_name
                0x00000000080154ec       0x2e zephyr/libzephyr.a(log_mgmt.c.obj)
 .text.link_source_count
                0x000000000801551a       0x2e zephyr/libzephyr.a(log_mgmt.c.obj)
 .text.log_src_cnt_get
                0x0000000008015548       0x34 zephyr/libzephyr.a(log_mgmt.c.obj)
                0x0000000008015548                log_src_cnt_get
 .text.backend_filter_set
                0x000000000801557c       0x16 zephyr/libzephyr.a(log_mgmt.c.obj)
 .text.log_backend_enable
                0x0000000008015592       0x32 zephyr/libzephyr.a(log_mgmt.c.obj)
                0x0000000008015592                log_backend_enable
 .text.z_snode_next_peek
                0x00000000080155c4       0x18 zephyr/libzephyr.a(log_cache.c.obj)
 .text.z_snode_next_set
                0x00000000080155dc       0x1c zephyr/libzephyr.a(log_cache.c.obj)
 .text.z_slist_head_set
                0x00000000080155f8       0x1c zephyr/libzephyr.a(log_cache.c.obj)
 .text.z_slist_tail_set
                0x0000000008015614       0x1c zephyr/libzephyr.a(log_cache.c.obj)
 .text.sys_slist_peek_head
                0x0000000008015630       0x18 zephyr/libzephyr.a(log_cache.c.obj)
 .text.sys_slist_peek_tail
                0x0000000008015648       0x18 zephyr/libzephyr.a(log_cache.c.obj)
 .text.sys_slist_is_empty
                0x0000000008015660       0x22 zephyr/libzephyr.a(log_cache.c.obj)
 .text.sys_slist_peek_next_no_check
                0x0000000008015682       0x18 zephyr/libzephyr.a(log_cache.c.obj)
 .text.sys_slist_peek_next
                0x000000000801569a       0x22 zephyr/libzephyr.a(log_cache.c.obj)
 .text.sys_slist_prepend
                0x00000000080156bc       0x44 zephyr/libzephyr.a(log_cache.c.obj)
 .text.sys_slist_get_not_empty
                0x0000000008015700       0x48 zephyr/libzephyr.a(log_cache.c.obj)
 .text.sys_slist_get
                0x0000000008015748       0x28 zephyr/libzephyr.a(log_cache.c.obj)
 .text.sys_slist_remove
                0x0000000008015770       0x76 zephyr/libzephyr.a(log_cache.c.obj)
 .text.log_cache_get
                0x00000000080157e6      0x106 zephyr/libzephyr.a(log_cache.c.obj)
                0x00000000080157e6                log_cache_get
 .text.log_cache_put
                0x00000000080158ec       0x24 zephyr/libzephyr.a(log_cache.c.obj)
                0x00000000080158ec                log_cache_put
 .text.z_log_msg_runtime_create
                0x0000000008015910       0x3c zephyr/libzephyr.a(log_msg.c.obj)
 .text.log_msg_get_domain
                0x000000000801594c       0x1e zephyr/libzephyr.a(log_msg.c.obj)
 .text.log_msg_get_source
                0x000000000801596a       0x18 zephyr/libzephyr.a(log_msg.c.obj)
 .text.log_source_id
                0x0000000008015982       0x18 zephyr/libzephyr.a(log_msg.c.obj)
 .text.z_log_is_local_domain
                0x000000000801599a       0x18 zephyr/libzephyr.a(log_msg.c.obj)
 .text.z_log_msg_finalize
                0x00000000080159b2       0x5c zephyr/libzephyr.a(log_msg.c.obj)
                0x00000000080159b2                z_log_msg_finalize
 .text.log_msg_get_source_id
                0x0000000008015a0e       0x54 zephyr/libzephyr.a(log_msg.c.obj)
                0x0000000008015a0e                log_msg_get_source_id
 .text.log_msg_get_domain
                0x0000000008015a62       0x1e zephyr/libzephyr.a(log_output.c.obj)
 .text.log_msg_get_level
                0x0000000008015a80       0x1e zephyr/libzephyr.a(log_output.c.obj)
 .text.log_msg_get_timestamp
                0x0000000008015a9e       0x18 zephyr/libzephyr.a(log_output.c.obj)
 .text.log_msg_get_tid
                0x0000000008015ab6       0x16 zephyr/libzephyr.a(log_output.c.obj)
 .text.log_msg_get_data
                0x0000000008015acc       0x36 zephyr/libzephyr.a(log_output.c.obj)
 .text.log_msg_get_package
                0x0000000008015b02       0x2a zephyr/libzephyr.a(log_output.c.obj)
 .text.log_output_write
                0x0000000008015b2c       0x3c zephyr/libzephyr.a(log_output.c.obj)
 .text.log_output_flush
                0x0000000008015b68       0x32 zephyr/libzephyr.a(log_output.c.obj)
 .text.out_func
                0x0000000008015b9a       0x30 zephyr/libzephyr.a(log_output.c.obj)
 .text.cr_out_func
                0x0000000008015bca       0x2a zephyr/libzephyr.a(log_output.c.obj)
 .text.color_prefix
                0x0000000008015bf4       0x22 zephyr/libzephyr.a(log_output.c.obj)
 .text.color_postfix
                0x0000000008015c16       0x22 zephyr/libzephyr.a(log_output.c.obj)
 .text.log_msg_hexdump
                0x0000000008015c38       0x48 zephyr/libzephyr.a(log_output.c.obj)
 .text.postfix_print
                0x0000000008015c80       0x38 zephyr/libzephyr.a(log_output.c.obj)
 .text.log_output_msg_process
                0x0000000008015cb8       0xae zephyr/libzephyr.a(log_output.c.obj)
                0x0000000008015cb8                log_output_msg_process
 .text.log_output_write
                0x0000000008015d66       0x3c zephyr/libzephyr.a(log_backend_uart.c.obj)
 .text.log_output_flush
                0x0000000008015da2       0x32 zephyr/libzephyr.a(log_backend_uart.c.obj)
 .text.log_output_ctx_set
                0x0000000008015dd4       0x1e zephyr/libzephyr.a(log_backend_uart.c.obj)
 .text.log_backend_std_get_flags
                0x0000000008015df2       0x28 zephyr/libzephyr.a(log_backend_uart.c.obj)
 .text.log_backend_std_panic
                0x0000000008015e1a       0x16 zephyr/libzephyr.a(log_backend_uart.c.obj)
 .text.z_impl_uart_poll_out
                0x0000000008015e30       0x26 zephyr/libzephyr.a(log_backend_uart.c.obj)
 .text.uart_poll_out
                0x0000000008015e56       0x1e zephyr/libzephyr.a(log_backend_uart.c.obj)
 .text.pm_device_runtime_get
                0x0000000008015e74       0x16 zephyr/libzephyr.a(log_backend_uart.c.obj)
 .text.pm_device_runtime_put_async
                0x0000000008015e8a       0x1a zephyr/libzephyr.a(log_backend_uart.c.obj)
 .text.process  0x0000000008015ea4       0x3e zephyr/libzephyr.a(log_backend_uart.c.obj)
 .text.format_set
                0x0000000008015ee2       0x2c zephyr/libzephyr.a(log_backend_uart.c.obj)
 .text.z_log_msg_runtime_create
                0x0000000008015f0e       0x3c zephyr/arch/arch/arm/core/libarch__arm__core.a(fatal.c.obj)
 .text.z_do_kernel_oops
                0x0000000008015f4a       0x2c zephyr/arch/arch/arm/core/libarch__arm__core.a(fatal.c.obj)
                0x0000000008015f4a                z_do_kernel_oops
 .text.arch_tls_stack_setup
                0x0000000008015f76       0x3c zephyr/arch/arch/arm/core/libarch__arm__core.a(tls.c.obj)
                0x0000000008015f76                arch_tls_stack_setup
 .text.z_log_msg_runtime_create
                0x0000000008015fb2       0x3c zephyr/arch/arch/arm/core/cortex_m/libarch__arm__core__cortex_m.a(fault.c.obj)
 .text.fault_show
                0x0000000008015fee       0x16 zephyr/arch/arch/arm/core/cortex_m/libarch__arm__core__cortex_m.a(fault.c.obj)
 .text.memory_fault_recoverable
                0x0000000008016004       0x1a zephyr/arch/arch/arm/core/cortex_m/libarch__arm__core__cortex_m.a(fault.c.obj)
 .text.arch_irq_enable
                0x000000000801601e       0x1a zephyr/arch/arch/arm/core/cortex_m/libarch__arm__core__cortex_m.a(irq_manage.c.obj)
                0x000000000801601e                arch_irq_enable
 .text.z_arm_irq_priority_set
                0x0000000008016038       0x26 zephyr/arch/arch/arm/core/cortex_m/libarch__arm__core__cortex_m.a(irq_manage.c.obj)
                0x0000000008016038                z_arm_irq_priority_set
 .text.z_irq_spurious
                0x000000000801605e       0x18 zephyr/arch/arch/arm/core/cortex_m/libarch__arm__core__cortex_m.a(irq_manage.c.obj)
                0x000000000801605e                z_irq_spurious
 .text.z_prep_c
                0x0000000008016076       0x1c zephyr/arch/arch/arm/core/cortex_m/libarch__arm__core__cortex_m.a(prep_c.c.obj)
                0x0000000008016076                z_prep_c
 .text.z_arm_prepare_switch_to_main
                0x0000000008016092       0x44 zephyr/arch/arch/arm/core/cortex_m/libarch__arm__core__cortex_m.a(thread.c.obj)
 .text.arch_irq_unlock_outlined
                0x00000000080160d6       0x34 zephyr/arch/arch/arm/core/cortex_m/libarch__arm__core__cortex_m.a(thread.c.obj)
                0x00000000080160d6                arch_irq_unlock_outlined
 .text.arch_cpu_idle
                0x000000000801610a       0x3a zephyr/arch/arch/arm/core/cortex_m/libarch__arm__core__cortex_m.a(cpu_idle.c.obj)
                0x000000000801610a                arch_cpu_idle
 .text.z_arm_interrupt_init
                0x0000000008016144       0x2e zephyr/arch/arch/arm/core/cortex_m/libarch__arm__core__cortex_m.a(irq_init.c.obj)
                0x0000000008016144                z_arm_interrupt_init
 .text.cbputc   0x0000000008016172       0x28 zephyr/lib/libc/picolibc/liblib__libc__picolibc.a(cbprintf.c.obj)
 .text.zephyr_fputc
                0x000000000801619a       0x1c zephyr/lib/libc/picolibc/liblib__libc__picolibc.a(stdio.c.obj)
 .text.picolibc_put
                0x00000000080161b6       0x20 zephyr/lib/libc/picolibc/liblib__libc__picolibc.a(stdio.c.obj)
 .text.clock_control_on
                0x00000000080161d6       0x24 zephyr/drivers/interrupt_controller/libdrivers__interrupt_controller.a(intc_exti_stm32.c.obj)
 .text.z_stm32_hsem_lock
                0x00000000080161fa       0x16 zephyr/drivers/interrupt_controller/libdrivers__interrupt_controller.a(intc_exti_stm32.c.obj)
 .text.z_stm32_hsem_unlock
                0x0000000008016210       0x14 zephyr/drivers/interrupt_controller/libdrivers__interrupt_controller.a(intc_exti_stm32.c.obj)
 .text.stm32_exti_linenum_to_src_cfg_line
                0x0000000008016224       0x2e zephyr/drivers/interrupt_controller/libdrivers__interrupt_controller.a(intc_exti_stm32.c.obj)
 .text.stm32_exti_is_pending
                0x0000000008016252       0x18 zephyr/drivers/interrupt_controller/libdrivers__interrupt_controller.a(intc_exti_stm32.c.obj)
 .text.stm32_exti_clear_pending
                0x000000000801626a       0x16 zephyr/drivers/interrupt_controller/libdrivers__interrupt_controller.a(intc_exti_stm32.c.obj)
 .text.linenum_to_ll_exti_line
                0x0000000008016280       0x1e zephyr/drivers/interrupt_controller/libdrivers__interrupt_controller.a(intc_exti_stm32.c.obj)
 .text.ll_exti_line_to_linenum
                0x000000000801629e       0x2c zephyr/drivers/interrupt_controller/libdrivers__interrupt_controller.a(intc_exti_stm32.c.obj)
 .text.stm32_gpio_intc_get_pin_irq_line
                0x00000000080162ca       0x1e zephyr/drivers/interrupt_controller/libdrivers__interrupt_controller.a(intc_exti_stm32.c.obj)
                0x00000000080162ca                stm32_gpio_intc_get_pin_irq_line
 .text.stm32_gpio_intc_disable_line
                0x00000000080162e8       0x16 zephyr/drivers/interrupt_controller/libdrivers__interrupt_controller.a(intc_exti_stm32.c.obj)
                0x00000000080162e8                stm32_gpio_intc_disable_line
 .text.stm32_exti_set_line_src_port
                0x00000000080162fe       0x36 zephyr/drivers/interrupt_controller/libdrivers__interrupt_controller.a(intc_exti_stm32.c.obj)
                0x00000000080162fe                stm32_exti_set_line_src_port
 .text.stm32_exti_get_line_src_port
                0x0000000008016334       0x26 zephyr/drivers/interrupt_controller/libdrivers__interrupt_controller.a(intc_exti_stm32.c.obj)
                0x0000000008016334                stm32_exti_get_line_src_port
 .text.k_sem_init
                0x000000000801635a       0x20 zephyr/drivers/can/libdrivers__can.a(can_common.c.obj)
 .text.k_sem_take
                0x000000000801637a       0x20 zephyr/drivers/can/libdrivers__can.a(can_common.c.obj)
 .text.k_sem_give
                0x000000000801639a       0x16 zephyr/drivers/can/libdrivers__can.a(can_common.c.obj)
 .text.z_impl_can_get_core_clock
                0x00000000080163b0       0x24 zephyr/drivers/can/libdrivers__can.a(can_common.c.obj)
 .text.z_impl_can_get_timing_min
                0x00000000080163d4       0x1e zephyr/drivers/can/libdrivers__can.a(can_common.c.obj)
 .text.z_impl_can_get_timing_max
                0x00000000080163f2       0x1e zephyr/drivers/can/libdrivers__can.a(can_common.c.obj)
 .text.can_get_core_clock
                0x0000000008016410       0x1c zephyr/drivers/can/libdrivers__can.a(can_common.c.obj)
 .text.can_get_timing_min
                0x000000000801642c       0x18 zephyr/drivers/can/libdrivers__can.a(can_common.c.obj)
 .text.can_get_timing_max
                0x0000000008016444       0x18 zephyr/drivers/can/libdrivers__can.a(can_common.c.obj)
 .text.z_log_msg_runtime_create
                0x000000000801645c       0x3c zephyr/drivers/can/libdrivers__can.a(can_common.c.obj)
 .text.can_tx_default_cb
                0x0000000008016498       0x26 zephyr/drivers/can/libdrivers__can.a(can_common.c.obj)
 .text.check_timing_in_range
                0x00000000080164be       0xb6 zephyr/drivers/can/libdrivers__can.a(can_common.c.obj)
 .text.z_impl_can_set_timing
                0x0000000008016574       0x4a zephyr/drivers/can/libdrivers__can.a(can_common.c.obj)
                0x0000000008016574                z_impl_can_set_timing
 .text.device_is_ready
                0x00000000080165be       0x18 zephyr/drivers/can/libdrivers__can.a(can_stm32_bxcan.c.obj)
 .text.arch_k_cycle_get_32
                0x00000000080165d6        0xe zephyr/drivers/can/libdrivers__can.a(can_stm32_bxcan.c.obj)
 .text.k_cycle_get_32
                0x00000000080165e4        0xe zephyr/drivers/can/libdrivers__can.a(can_stm32_bxcan.c.obj)
 .text.k_mutex_init
                0x00000000080165f2       0x18 zephyr/drivers/can/libdrivers__can.a(can_stm32_bxcan.c.obj)
 .text.k_mutex_lock
                0x000000000801660a       0x20 zephyr/drivers/can/libdrivers__can.a(can_stm32_bxcan.c.obj)
 .text.k_mutex_unlock
                0x000000000801662a       0x18 zephyr/drivers/can/libdrivers__can.a(can_stm32_bxcan.c.obj)
 .text.k_sem_init
                0x0000000008016642       0x20 zephyr/drivers/can/libdrivers__can.a(can_stm32_bxcan.c.obj)
 .text.k_sem_take
                0x0000000008016662       0x20 zephyr/drivers/can/libdrivers__can.a(can_stm32_bxcan.c.obj)
 .text.k_sem_give
                0x0000000008016682       0x16 zephyr/drivers/can/libdrivers__can.a(can_stm32_bxcan.c.obj)
 .text.can_calc_timing